RLST7 LINKER/LOCATOR V2.26.09.317

INVOKED BY:
C:\Program Files\Raisonance\Ride\bin\rlstm8.exe -P 
DEBUG\HYPERTERMINAL.O,DEBUG\MAIN.O,DEBUG\STM8S_IT.O,DEBUG\STM8S_BEEP.O,DEBUG\STM8S_CLK.O,DEBUG\STM8S_GPIO.O,DEBUG\STM8S_TIM1.O,DEBUG\STM8S_TIM3.O,DEBUG\STM8S_UART2.O 
TO(DEBUG\HYPERTERMINAL.AOF) LIBPATH(C:\PROGRAM FILES\RAISONANCE\RIDE\LIB\ST7) 
DEBUGLINES DEBUGPUBLICS DEBUGSYMBOLS PR(DEBUG\HYPERTERMINAL.MAP) 
DATASTART(0X0) RAMSIZE(0X800) CODESTART(0X8000) CODESIZE(0X8000) 
STACKTOP(0X800) STACKSIZE(0X200) EEPROMSTART(0X4000) EEPROMSIZE(0X400) 
 WITHOUT ANY FLOATING POINT ARITHMETIC


INPUT MODULES INCLUDED
  DEBUG\HYPERTERMINAL.O(HYPERTERMINAL)
  DEBUG\MAIN.O(MAIN)
  DEBUG\STM8S_IT.O(STM8S_IT)
  DEBUG\STM8S_BEEP.O(STM8S_BEEP)
  DEBUG\STM8S_CLK.O(STM8S_CLK)
  DEBUG\STM8S_GPIO.O(STM8S_GPIO)
  DEBUG\STM8S_TIM1.O(STM8S_TIM1)
  DEBUG\STM8S_TIM3.O(STM8S_TIM3)
  DEBUG\STM8S_UART2.O(STM8S_UART2)
  C:\PROGRAM FILES\RAISONANCE\RIDE\LIB\ST7\RCSTM8.LIB(CHARTOL)
  C:\PROGRAM FILES\RAISONANCE\RIDE\LIB\ST7\RCSTM8.LIB(INTTOL)
  C:\PROGRAM FILES\RAISONANCE\RIDE\LIB\ST7\RCSTM8.LIB(ADD3232)
  C:\PROGRAM FILES\RAISONANCE\RIDE\LIB\ST7\RCSTM8.LIB(AND3232)
  C:\PROGRAM FILES\RAISONANCE\RIDE\LIB\ST7\RCSTM8.LIB(DIVS1616)
  C:\PROGRAM FILES\RAISONANCE\RIDE\LIB\ST7\RCSTM8.LIB(DIVU3232)
  C:\PROGRAM FILES\RAISONANCE\RIDE\LIB\ST7\RCSTM8.LIB(DIVUIX32)
  C:\PROGRAM FILES\RAISONANCE\RIDE\LIB\ST7\RCSTM8.LIB(MULUIX32)
  C:\PROGRAM FILES\RAISONANCE\RIDE\LIB\ST7\RCSTM8.LIB(IX32)
  C:\PROGRAM FILES\RAISONANCE\RIDE\LIB\ST7\RCSTM8.LIB(MULU1616)
  C:\PROGRAM FILES\RAISONANCE\RIDE\LIB\ST7\RCSTM8.LIB(MULU3232)
  C:\PROGRAM FILES\RAISONANCE\RIDE\LIB\ST7\RCSTM8.LIB(MV4_BC2ISA)
  C:\PROGRAM FILES\RAISONANCE\RIDE\LIB\ST7\RCSTM8.LIB(MV4_BC2SK)
  C:\PROGRAM FILES\RAISONANCE\RIDE\LIB\ST7\RCSTM8.LIB(MV4_ISA2BC)
  C:\PROGRAM FILES\RAISONANCE\RIDE\LIB\ST7\RCSTM8.LIB(MV4_PG2BC)
  C:\PROGRAM FILES\RAISONANCE\RIDE\LIB\ST7\RCSTM8.LIB(MV4_PG2SK1)
  C:\PROGRAM FILES\RAISONANCE\RIDE\LIB\ST7\RCSTM8.LIB(SLL168)
  C:\PROGRAM FILES\RAISONANCE\RIDE\LIB\ST7\RCSTM8.LIB(SLL328)
  C:\PROGRAM FILES\RAISONANCE\RIDE\LIB\ST7\RCSTM8.LIB(SRA168)
  C:\PROGRAM FILES\RAISONANCE\RIDE\LIB\ST7\RCSTM8.LIB(SUB3232)
  C:\PROGRAM FILES\RAISONANCE\RIDE\LIB\ST7\RCSTM8.LIB(SRL328)
  C:\PROGRAM FILES\RAISONANCE\RIDE\LIB\ST7\RCSTM8.LIB(SWAPSKBC)
  C:\PROGRAM FILES\RAISONANCE\RIDE\LIB\ST7\RCSTM8.LIB(REGISTERS)
  C:\PROGRAM FILES\RAISONANCE\RIDE\LIB\ST7\RCSTM8.LIB(STARTUP_V_Z)
  C:\PROGRAM FILES\RAISONANCE\RIDE\LIB\ST7\RCSTM8.LIB(STRCMP)
  C:\PROGRAM FILES\RAISONANCE\RIDE\LIB\ST7\RCSTM8.LIB(?STATINIT)

UNCALLED SEGMENTS (use option rmun to remove them):
---------------------------------------------------
    ?PR??BEEP_DEINIT?STM8S_BEEP: Function ?BEEP_DEINIT in file DEBUG\STM8S_BEEP.O was not called
    ?PR??CLK_ADJUSTHSICALIBRATIONVALUE?STM8S_CLK: Function ?CLK_ADJUSTHSICALIBRATIONVALUE in file DEBUG\STM8S_CLK.O was not called
    ?PR??CLK_CANCONFIG?STM8S_CLK: Function ?CLK_CANCONFIG in file DEBUG\STM8S_CLK.O was not called
    ?PR??CLK_CCOCMD?STM8S_CLK: Function ?CLK_CCOCMD in file DEBUG\STM8S_CLK.O was not called
    ?PR??CLK_CCOCONFIG?STM8S_CLK: Function ?CLK_CCOCONFIG in file DEBUG\STM8S_CLK.O was not called
    ?PR??CLK_CLEARITPENDINGBIT?STM8S_CLK: Function ?CLK_CLEARITPENDINGBIT in file DEBUG\STM8S_CLK.O was not called
    ?PR??CLK_CLOCKSECURITYSYSTEMENABLE?STM8S_CLK: Function ?CLK_CLOCKSECURITYSYSTEMENABLE in file DEBUG\STM8S_CLK.O was not called
    ?PR??CLK_CLOCKSWITCHCMD?STM8S_CLK: Function ?CLK_CLOCKSWITCHCMD in file DEBUG\STM8S_CLK.O was not called
    ?PR??CLK_CLOCKSWITCHCONFIG?STM8S_CLK: Function ?CLK_CLOCKSWITCHCONFIG in file DEBUG\STM8S_CLK.O was not called
    ?PR??CLK_DEINIT?STM8S_CLK: Function ?CLK_DEINIT in file DEBUG\STM8S_CLK.O was not called
    ?PR??CLK_FASTHALTWAKEUPCMD?STM8S_CLK: Function ?CLK_FASTHALTWAKEUPCMD in file DEBUG\STM8S_CLK.O was not called
    ?PR??CLK_GETFLAGSTATUS?STM8S_CLK: Function ?CLK_GETFLAGSTATUS in file DEBUG\STM8S_CLK.O was not called
    ?PR??CLK_GETITSTATUS?STM8S_CLK: Function ?CLK_GETITSTATUS in file DEBUG\STM8S_CLK.O was not called
    ?PR??CLK_GETSYSCLKSOURCE?STM8S_CLK: Function ?CLK_GETSYSCLKSOURCE in file DEBUG\STM8S_CLK.O was not called
    ?PR??CLK_HSECMD?STM8S_CLK: Function ?CLK_HSECMD in file DEBUG\STM8S_CLK.O was not called
    ?PR??CLK_HSICMD?STM8S_CLK: Function ?CLK_HSICMD in file DEBUG\STM8S_CLK.O was not called
    ?PR??CLK_ITCONFIG?STM8S_CLK: Function ?CLK_ITCONFIG in file DEBUG\STM8S_CLK.O was not called
    ?PR??CLK_LSICMD?STM8S_CLK: Function ?CLK_LSICMD in file DEBUG\STM8S_CLK.O was not called
    ?PR??CLK_PERIPHERALCLOCKCONFIG?STM8S_CLK: Function ?CLK_PERIPHERALCLOCKCONFIG in file DEBUG\STM8S_CLK.O was not called
    ?PR??CLK_SLOWACTIVEHALTWAKEUPCMD?STM8S_CLK: Function ?CLK_SLOWACTIVEHALTWAKEUPCMD in file DEBUG\STM8S_CLK.O was not called
    ?PR??CLK_SWIMCONFIG?STM8S_CLK: Function ?CLK_SWIMCONFIG in file DEBUG\STM8S_CLK.O was not called
    ?PR??CLK_SYSCLKCONFIG?STM8S_CLK: Function ?CLK_SYSCLKCONFIG in file DEBUG\STM8S_CLK.O was not called
    ?PR??CLK_SYSCLKEMERGENCYCLEAR?STM8S_CLK: Function ?CLK_SYSCLKEMERGENCYCLEAR in file DEBUG\STM8S_CLK.O was not called
    ?PR??GPIO_DEINIT?STM8S_GPIO: Function ?GPIO_DEINIT in file DEBUG\STM8S_GPIO.O was not called
    ?PR??GPIO_EXTERNALPULLUPCONFIG?STM8S_GPIO: Function ?GPIO_EXTERNALPULLUPCONFIG in file DEBUG\STM8S_GPIO.O was not called
    ?PR??GPIO_READINPUTDATA?STM8S_GPIO: Function ?GPIO_READINPUTDATA in file DEBUG\STM8S_GPIO.O was not called
    ?PR??GPIO_READINPUTPIN?STM8S_GPIO: Function ?GPIO_READINPUTPIN in file DEBUG\STM8S_GPIO.O was not called
    ?PR??GPIO_READOUTPUTDATA?STM8S_GPIO: Function ?GPIO_READOUTPUTDATA in file DEBUG\STM8S_GPIO.O was not called
    ?PR??GPIO_WRITE?STM8S_GPIO: Function ?GPIO_WRITE in file DEBUG\STM8S_GPIO.O was not called
    ?PR??INT2STR?HYPERTERMINAL: Function ?INT2STR in file DEBUG\HYPERTERMINAL.O was not called
    ?PR??TI1_CONFIG?STM8S_TIM1?S?STM8S_TIM1: Function ?TI1_CONFIG in file DEBUG\STM8S_TIM1.O was not called
    ?PR??TI2_CONFIG?STM8S_TIM1?S?STM8S_TIM1: Function ?TI2_CONFIG in file DEBUG\STM8S_TIM1.O was not called
    ?PR??TI3_CONFIG?STM8S_TIM1?S?STM8S_TIM1: Function ?TI3_CONFIG in file DEBUG\STM8S_TIM1.O was not called
    ?PR??TI4_CONFIG?STM8S_TIM1?S?STM8S_TIM1: Function ?TI4_CONFIG in file DEBUG\STM8S_TIM1.O was not called
    ?PR??TIM1_ARRPRELOADCONFIG?STM8S_TIM1: Function ?TIM1_ARRPRELOADCONFIG in file DEBUG\STM8S_TIM1.O was not called
    ?PR??TIM1_BDTRCONFIG?STM8S_TIM1: Function ?TIM1_BDTRCONFIG in file DEBUG\STM8S_TIM1.O was not called
    ?PR??TIM1_CCPRELOADCONTROL?STM8S_TIM1: Function ?TIM1_CCPRELOADCONTROL in file DEBUG\STM8S_TIM1.O was not called
    ?PR??TIM1_CCXCMD?STM8S_TIM1: Function ?TIM1_CCXCMD in file DEBUG\STM8S_TIM1.O was not called
    ?PR??TIM1_CCXNCMD?STM8S_TIM1: Function ?TIM1_CCXNCMD in file DEBUG\STM8S_TIM1.O was not called
    ?PR??TIM1_CLEARFLAG?STM8S_TIM1: Function ?TIM1_CLEARFLAG in file DEBUG\STM8S_TIM1.O was not called
    ?PR??TIM1_CLEARITPENDINGBIT?STM8S_TIM1: Function ?TIM1_CLEARITPENDINGBIT in file DEBUG\STM8S_TIM1.O was not called
    ?PR??TIM1_CMD?STM8S_TIM1: Function ?TIM1_CMD in file DEBUG\STM8S_TIM1.O was not called
    ?PR??TIM1_COUNTERMODECONFIG?STM8S_TIM1: Function ?TIM1_COUNTERMODECONFIG in file DEBUG\STM8S_TIM1.O was not called
    ?PR??TIM1_CTRLPWMOUTPUTS?STM8S_TIM1: Function ?TIM1_CTRLPWMOUTPUTS in file DEBUG\STM8S_TIM1.O was not called
    ?PR??TIM1_DEINIT?STM8S_TIM1: Function ?TIM1_DEINIT in file DEBUG\STM8S_TIM1.O was not called
    ?PR??TIM1_ENCODERINTERFACECONFIG?STM8S_TIM1: Function ?TIM1_ENCODERINTERFACECONFIG in file DEBUG\STM8S_TIM1.O was not called
    ?PR??TIM1_ETRCLOCKMODE1CONFIG?STM8S_TIM1: Function ?TIM1_ETRCLOCKMODE1CONFIG in file DEBUG\STM8S_TIM1.O was not called
    ?PR??TIM1_ETRCLOCKMODE2CONFIG?STM8S_TIM1: Function ?TIM1_ETRCLOCKMODE2CONFIG in file DEBUG\STM8S_TIM1.O was not called
    ?PR??TIM1_ETRCONFIG?STM8S_TIM1: Function ?TIM1_ETRCONFIG in file DEBUG\STM8S_TIM1.O was not called
    ?PR??TIM1_FORCEDOC1CONFIG?STM8S_TIM1: Function ?TIM1_FORCEDOC1CONFIG in file DEBUG\STM8S_TIM1.O was not called
    ?PR??TIM1_FORCEDOC2CONFIG?STM8S_TIM1: Function ?TIM1_FORCEDOC2CONFIG in file DEBUG\STM8S_TIM1.O was not called
    ?PR??TIM1_FORCEDOC3CONFIG?STM8S_TIM1: Function ?TIM1_FORCEDOC3CONFIG in file DEBUG\STM8S_TIM1.O was not called
    ?PR??TIM1_FORCEDOC4CONFIG?STM8S_TIM1: Function ?TIM1_FORCEDOC4CONFIG in file DEBUG\STM8S_TIM1.O was not called
    ?PR??TIM1_GENERATEEVENT?STM8S_TIM1: Function ?TIM1_GENERATEEVENT in file DEBUG\STM8S_TIM1.O was not called
    ?PR??TIM1_GETCAPTURE1?STM8S_TIM1: Function ?TIM1_GETCAPTURE1 in file DEBUG\STM8S_TIM1.O was not called
    ?PR??TIM1_GETCAPTURE2?STM8S_TIM1: Function ?TIM1_GETCAPTURE2 in file DEBUG\STM8S_TIM1.O was not called
    ?PR??TIM1_GETCAPTURE3?STM8S_TIM1: Function ?TIM1_GETCAPTURE3 in file DEBUG\STM8S_TIM1.O was not called
    ?PR??TIM1_GETCAPTURE4?STM8S_TIM1: Function ?TIM1_GETCAPTURE4 in file DEBUG\STM8S_TIM1.O was not called
    ?PR??TIM1_GETCOUNTER?STM8S_TIM1: Function ?TIM1_GETCOUNTER in file DEBUG\STM8S_TIM1.O was not called
    ?PR??TIM1_GETFLAGSTATUS?STM8S_TIM1: Function ?TIM1_GETFLAGSTATUS in file DEBUG\STM8S_TIM1.O was not called
    ?PR??TIM1_GETITSTATUS?STM8S_TIM1: Function ?TIM1_GETITSTATUS in file DEBUG\STM8S_TIM1.O was not called
    ?PR??TIM1_GETPRESCALER?STM8S_TIM1: Function ?TIM1_GETPRESCALER in file DEBUG\STM8S_TIM1.O was not called
    ?PR??TIM1_ICINIT?STM8S_TIM1: Function ?TIM1_ICINIT in file DEBUG\STM8S_TIM1.O was not called
    ?PR??TIM1_INTERNALCLOCKCONFIG?STM8S_TIM1: Function ?TIM1_INTERNALCLOCKCONFIG in file DEBUG\STM8S_TIM1.O was not called
    ?PR??TIM1_ITCONFIG?STM8S_TIM1: Function ?TIM1_ITCONFIG in file DEBUG\STM8S_TIM1.O was not called
    ?PR??TIM1_OC1FASTCONFIG?STM8S_TIM1: Function ?TIM1_OC1FASTCONFIG in file DEBUG\STM8S_TIM1.O was not called
    ?PR??TIM1_OC1INIT?STM8S_TIM1: Function ?TIM1_OC1INIT in file DEBUG\STM8S_TIM1.O was not called
    ?PR??TIM1_OC1NPOLARITYCONFIG?STM8S_TIM1: Function ?TIM1_OC1NPOLARITYCONFIG in file DEBUG\STM8S_TIM1.O was not called
    ?PR??TIM1_OC1POLARITYCONFIG?STM8S_TIM1: Function ?TIM1_OC1POLARITYCONFIG in file DEBUG\STM8S_TIM1.O was not called
    ?PR??TIM1_OC1PRELOADCONFIG?STM8S_TIM1: Function ?TIM1_OC1PRELOADCONFIG in file DEBUG\STM8S_TIM1.O was not called
    ?PR??TIM1_OC2FASTCONFIG?STM8S_TIM1: Function ?TIM1_OC2FASTCONFIG in file DEBUG\STM8S_TIM1.O was not called
    ?PR??TIM1_OC2INIT?STM8S_TIM1: Function ?TIM1_OC2INIT in file DEBUG\STM8S_TIM1.O was not called
    ?PR??TIM1_OC2NPOLARITYCONFIG?STM8S_TIM1: Function ?TIM1_OC2NPOLARITYCONFIG in file DEBUG\STM8S_TIM1.O was not called
    ?PR??TIM1_OC2POLARITYCONFIG?STM8S_TIM1: Function ?TIM1_OC2POLARITYCONFIG in file DEBUG\STM8S_TIM1.O was not called
    ?PR??TIM1_OC2PRELOADCONFIG?STM8S_TIM1: Function ?TIM1_OC2PRELOADCONFIG in file DEBUG\STM8S_TIM1.O was not called
    ?PR??TIM1_OC3FASTCONFIG?STM8S_TIM1: Function ?TIM1_OC3FASTCONFIG in file DEBUG\STM8S_TIM1.O was not called
    ?PR??TIM1_OC3INIT?STM8S_TIM1: Function ?TIM1_OC3INIT in file DEBUG\STM8S_TIM1.O was not called
    ?PR??TIM1_OC3NPOLARITYCONFIG?STM8S_TIM1: Function ?TIM1_OC3NPOLARITYCONFIG in file DEBUG\STM8S_TIM1.O was not called
    ?PR??TIM1_OC3POLARITYCONFIG?STM8S_TIM1: Function ?TIM1_OC3POLARITYCONFIG in file DEBUG\STM8S_TIM1.O was not called
    ?PR??TIM1_OC3PRELOADCONFIG?STM8S_TIM1: Function ?TIM1_OC3PRELOADCONFIG in file DEBUG\STM8S_TIM1.O was not called
    ?PR??TIM1_OC4FASTCONFIG?STM8S_TIM1: Function ?TIM1_OC4FASTCONFIG in file DEBUG\STM8S_TIM1.O was not called
    ?PR??TIM1_OC4INIT?STM8S_TIM1: Function ?TIM1_OC4INIT in file DEBUG\STM8S_TIM1.O was not called
    ?PR??TIM1_OC4POLARITYCONFIG?STM8S_TIM1: Function ?TIM1_OC4POLARITYCONFIG in file DEBUG\STM8S_TIM1.O was not called
    ?PR??TIM1_OC4PRELOADCONFIG?STM8S_TIM1: Function ?TIM1_OC4PRELOADCONFIG in file DEBUG\STM8S_TIM1.O was not called
    ?PR??TIM1_PRESCALERCONFIG?STM8S_TIM1: Function ?TIM1_PRESCALERCONFIG in file DEBUG\STM8S_TIM1.O was not called
    ?PR??TIM1_PWMICONFIG?STM8S_TIM1: Function ?TIM1_PWMICONFIG in file DEBUG\STM8S_TIM1.O was not called
    ?PR??TIM1_SELECTCOM?STM8S_TIM1: Function ?TIM1_SELECTCOM in file DEBUG\STM8S_TIM1.O was not called
    ?PR??TIM1_SELECTHALLSENSOR?STM8S_TIM1: Function ?TIM1_SELECTHALLSENSOR in file DEBUG\STM8S_TIM1.O was not called
    ?PR??TIM1_SELECTINPUTTRIGGER?STM8S_TIM1: Function ?TIM1_SELECTINPUTTRIGGER in file DEBUG\STM8S_TIM1.O was not called
    ?PR??TIM1_SELECTMASTERSLAVEMODE?STM8S_TIM1: Function ?TIM1_SELECTMASTERSLAVEMODE in file DEBUG\STM8S_TIM1.O was not called
    ?PR??TIM1_SELECTOCXM?STM8S_TIM1: Function ?TIM1_SELECTOCXM in file DEBUG\STM8S_TIM1.O was not called
    ?PR??TIM1_SELECTONEPULSEMODE?STM8S_TIM1: Function ?TIM1_SELECTONEPULSEMODE in file DEBUG\STM8S_TIM1.O was not called
    ?PR??TIM1_SELECTOUTPUTTRIGGER?STM8S_TIM1: Function ?TIM1_SELECTOUTPUTTRIGGER in file DEBUG\STM8S_TIM1.O was not called
    ?PR??TIM1_SELECTSLAVEMODE?STM8S_TIM1: Function ?TIM1_SELECTSLAVEMODE in file DEBUG\STM8S_TIM1.O was not called
    ?PR??TIM1_SETAUTORELOAD?STM8S_TIM1: Function ?TIM1_SETAUTORELOAD in file DEBUG\STM8S_TIM1.O was not called
    ?PR??TIM1_SETCOMPARE1?STM8S_TIM1: Function ?TIM1_SETCOMPARE1 in file DEBUG\STM8S_TIM1.O was not called
    ?PR??TIM1_SETCOMPARE2?STM8S_TIM1: Function ?TIM1_SETCOMPARE2 in file DEBUG\STM8S_TIM1.O was not called
    ?PR??TIM1_SETCOMPARE3?STM8S_TIM1: Function ?TIM1_SETCOMPARE3 in file DEBUG\STM8S_TIM1.O was not called
    ?PR??TIM1_SETCOMPARE4?STM8S_TIM1: Function ?TIM1_SETCOMPARE4 in file DEBUG\STM8S_TIM1.O was not called
    ?PR??TIM1_SETCOUNTER?STM8S_TIM1: Function ?TIM1_SETCOUNTER in file DEBUG\STM8S_TIM1.O was not called
    ?PR??TIM1_SETIC1PRESCALER?STM8S_TIM1: Function ?TIM1_SETIC1PRESCALER in file DEBUG\STM8S_TIM1.O was not called
    ?PR??TIM1_SETIC2PRESCALER?STM8S_TIM1: Function ?TIM1_SETIC2PRESCALER in file DEBUG\STM8S_TIM1.O was not called
    ?PR??TIM1_SETIC3PRESCALER?STM8S_TIM1: Function ?TIM1_SETIC3PRESCALER in file DEBUG\STM8S_TIM1.O was not called
    ?PR??TIM1_SETIC4PRESCALER?STM8S_TIM1: Function ?TIM1_SETIC4PRESCALER in file DEBUG\STM8S_TIM1.O was not called
    ?PR??TIM1_TIMEBASEINIT?STM8S_TIM1: Function ?TIM1_TIMEBASEINIT in file DEBUG\STM8S_TIM1.O was not called
    ?PR??TIM1_TIXEXTERNALCLOCKCONFIG?STM8S_TIM1: Function ?TIM1_TIXEXTERNALCLOCKCONFIG in file DEBUG\STM8S_TIM1.O was not called
    ?PR??TIM1_UPDATEDISABLECONFIG?STM8S_TIM1: Function ?TIM1_UPDATEDISABLECONFIG in file DEBUG\STM8S_TIM1.O was not called
    ?PR??TIM1_UPDATEREQUESTCONFIG?STM8S_TIM1: Function ?TIM1_UPDATEREQUESTCONFIG in file DEBUG\STM8S_TIM1.O was not called
    ?PR??TIM3_ARRPRELOADCONFIG?STM8S_TIM3: Function ?TIM3_ARRPRELOADCONFIG in file DEBUG\STM8S_TIM3.O was not called
    ?PR??TIM3_CCXCMD?STM8S_TIM3: Function ?TIM3_CCXCMD in file DEBUG\STM8S_TIM3.O was not called
    ?PR??TIM3_FORCEDOC1CONFIG?STM8S_TIM3: Function ?TIM3_FORCEDOC1CONFIG in file DEBUG\STM8S_TIM3.O was not called
    ?PR??TIM3_FORCEDOC2CONFIG?STM8S_TIM3: Function ?TIM3_FORCEDOC2CONFIG in file DEBUG\STM8S_TIM3.O was not called
    ?PR??TIM3_GENERATEEVENT?STM8S_TIM3: Function ?TIM3_GENERATEEVENT in file DEBUG\STM8S_TIM3.O was not called
    ?PR??TIM3_GETCAPTURE2?STM8S_TIM3: Function ?TIM3_GETCAPTURE2 in file DEBUG\STM8S_TIM3.O was not called
    ?PR??TIM3_GETCOUNTER?STM8S_TIM3: Function ?TIM3_GETCOUNTER in file DEBUG\STM8S_TIM3.O was not called
    ?PR??TIM3_GETFLAGSTATUS?STM8S_TIM3: Function ?TIM3_GETFLAGSTATUS in file DEBUG\STM8S_TIM3.O was not called
    ?PR??TIM3_GETITSTATUS?STM8S_TIM3: Function ?TIM3_GETITSTATUS in file DEBUG\STM8S_TIM3.O was not called
    ?PR??TIM3_GETPRESCALER?STM8S_TIM3: Function ?TIM3_GETPRESCALER in file DEBUG\STM8S_TIM3.O was not called
    ?PR??TIM3_OC1INIT?STM8S_TIM3: Function ?TIM3_OC1INIT in file DEBUG\STM8S_TIM3.O was not called
    ?PR??TIM3_OC1POLARITYCONFIG?STM8S_TIM3: Function ?TIM3_OC1POLARITYCONFIG in file DEBUG\STM8S_TIM3.O was not called
    ?PR??TIM3_OC1PRELOADCONFIG?STM8S_TIM3: Function ?TIM3_OC1PRELOADCONFIG in file DEBUG\STM8S_TIM3.O was not called
    ?PR??TIM3_OC2INIT?STM8S_TIM3: Function ?TIM3_OC2INIT in file DEBUG\STM8S_TIM3.O was not called
    ?PR??TIM3_OC2POLARITYCONFIG?STM8S_TIM3: Function ?TIM3_OC2POLARITYCONFIG in file DEBUG\STM8S_TIM3.O was not called
    ?PR??TIM3_OC2PRELOADCONFIG?STM8S_TIM3: Function ?TIM3_OC2PRELOADCONFIG in file DEBUG\STM8S_TIM3.O was not called
    ?PR??TIM3_PRESCALERCONFIG?STM8S_TIM3: Function ?TIM3_PRESCALERCONFIG in file DEBUG\STM8S_TIM3.O was not called
    ?PR??TIM3_PWMICONFIG?STM8S_TIM3: Function ?TIM3_PWMICONFIG in file DEBUG\STM8S_TIM3.O was not called
    ?PR??TIM3_SELECTOCXM?STM8S_TIM3: Function ?TIM3_SELECTOCXM in file DEBUG\STM8S_TIM3.O was not called
    ?PR??TIM3_SELECTONEPULSEMODE?STM8S_TIM3: Function ?TIM3_SELECTONEPULSEMODE in file DEBUG\STM8S_TIM3.O was not called
    ?PR??TIM3_SETAUTORELOAD?STM8S_TIM3: Function ?TIM3_SETAUTORELOAD in file DEBUG\STM8S_TIM3.O was not called
    ?PR??TIM3_SETCOMPARE1?STM8S_TIM3: Function ?TIM3_SETCOMPARE1 in file DEBUG\STM8S_TIM3.O was not called
    ?PR??TIM3_SETCOMPARE2?STM8S_TIM3: Function ?TIM3_SETCOMPARE2 in file DEBUG\STM8S_TIM3.O was not called
    ?PR??TIM3_SETCOUNTER?STM8S_TIM3: Function ?TIM3_SETCOUNTER in file DEBUG\STM8S_TIM3.O was not called
    ?PR??TIM3_UPDATEDISABLECONFIG?STM8S_TIM3: Function ?TIM3_UPDATEDISABLECONFIG in file DEBUG\STM8S_TIM3.O was not called
    ?PR??TIM3_UPDATEREQUESTCONFIG?STM8S_TIM3: Function ?TIM3_UPDATEREQUESTCONFIG in file DEBUG\STM8S_TIM3.O was not called
    ?PR??UART2_CLEARFLAG?STM8S_UART2: Function ?UART2_CLEARFLAG in file DEBUG\STM8S_UART2.O was not called
    ?PR??UART2_CLEARITPENDINGBIT?STM8S_UART2: Function ?UART2_CLEARITPENDINGBIT in file DEBUG\STM8S_UART2.O was not called
    ?PR??UART2_CMD?STM8S_UART2: Function ?UART2_CMD in file DEBUG\STM8S_UART2.O was not called
    ?PR??UART2_GETITSTATUS?STM8S_UART2: Function ?UART2_GETITSTATUS in file DEBUG\STM8S_UART2.O was not called
    ?PR??UART2_IRDACMD?STM8S_UART2: Function ?UART2_IRDACMD in file DEBUG\STM8S_UART2.O was not called
    ?PR??UART2_IRDACONFIG?STM8S_UART2: Function ?UART2_IRDACONFIG in file DEBUG\STM8S_UART2.O was not called
    ?PR??UART2_ITCONFIG?STM8S_UART2: Function ?UART2_ITCONFIG in file DEBUG\STM8S_UART2.O was not called
    ?PR??UART2_LINBREAKDETECTIONCONFIG?STM8S_UART2: Function ?UART2_LINBREAKDETECTIONCONFIG in file DEBUG\STM8S_UART2.O was not called
    ?PR??UART2_LINCMD?STM8S_UART2: Function ?UART2_LINCMD in file DEBUG\STM8S_UART2.O was not called
    ?PR??UART2_LINCONFIG?STM8S_UART2: Function ?UART2_LINCONFIG in file DEBUG\STM8S_UART2.O was not called
    ?PR??UART2_RECEIVEDATA8?STM8S_UART2: Function ?UART2_RECEIVEDATA8 in file DEBUG\STM8S_UART2.O was not called
    ?PR??UART2_RECEIVEDATA9?STM8S_UART2: Function ?UART2_RECEIVEDATA9 in file DEBUG\STM8S_UART2.O was not called
    ?PR??UART2_RECEIVERWAKEUPCMD?STM8S_UART2: Function ?UART2_RECEIVERWAKEUPCMD in file DEBUG\STM8S_UART2.O was not called
    ?PR??UART2_SENDBREAK?STM8S_UART2: Function ?UART2_SENDBREAK in file DEBUG\STM8S_UART2.O was not called
    ?PR??UART2_SENDDATA9?STM8S_UART2: Function ?UART2_SENDDATA9 in file DEBUG\STM8S_UART2.O was not called
    ?PR??UART2_SETADDRESS?STM8S_UART2: Function ?UART2_SETADDRESS in file DEBUG\STM8S_UART2.O was not called
    ?PR??UART2_SETGUARDTIME?STM8S_UART2: Function ?UART2_SETGUARDTIME in file DEBUG\STM8S_UART2.O was not called
    ?PR??UART2_SETPRESCALER?STM8S_UART2: Function ?UART2_SETPRESCALER in file DEBUG\STM8S_UART2.O was not called
    ?PR??UART2_SMARTCARDCMD?STM8S_UART2: Function ?UART2_SMARTCARDCMD in file DEBUG\STM8S_UART2.O was not called
    ?PR??UART2_SMARTCARDNACKCMD?STM8S_UART2: Function ?UART2_SMARTCARDNACKCMD in file DEBUG\STM8S_UART2.O was not called
    ?PR??UART2_WAKEUPCONFIG?STM8S_UART2: Function ?UART2_WAKEUPCONFIG in file DEBUG\STM8S_UART2.O was not called



LINK MAP OF MODULE: DEBUG\HYPERTERMINAL.AOF (HYPERTERMINAL)

	TYPE     BASE         LENGTH     RELOCATION      SEGMENT NAME
	----     ----         ------     ----------      ------------

	* * * * * * * *   D A T A       M E M O R Y   * * * * * * * *
	DATA     000000H      000020H    PAGE0           ?ED0?STM8S_IT
	DATA     000020H      000001H    PAGE0           ?D0?STM8S_IT
	DATA     000021H      00000CH    PAGE0           ?D0?STM8S_CLK
	DATA     00002DH      000004H    PAGE0           SEG_REGISTERS
	DATA     000031H      000007H    PAGE0           ?ZD0?STM8S_IT
	         000038H      0005C8H                     *** GAP ***
	DATA     000600H      000200H    UNIT            ?C_STACK?SEG

	* * * * * * * *   C O D E       M E M O R Y   * * * * * * * *
	CODE     008000H      000004H    AT              ?CO?STARTUP_V_Z00
	CODE     008004H      000004H    AT              ?IT?VECTOR#256
	CODE     008008H      000004H    AT              ?IT?VECTOR#0
	CODE     00800CH      000004H    AT              ?IT?VECTOR#1
	CODE     008010H      000004H    AT              ?IT?VECTOR#2
	CODE     008014H      000004H    AT              ?IT?VECTOR#3
	CODE     008018H      000004H    AT              ?IT?VECTOR#4
	CODE     00801CH      000004H    AT              ?IT?VECTOR#5
	CODE     008020H      000004H    AT              ?IT?VECTOR#6
	CODE     008024H      000004H    AT              ?IT?VECTOR#7
	CODE     008028H      000001H    INSECTION0      ?PR??TRAP_IRQHANDLER?STM8S_IT
	CODE     008029H      000001H    INSECTION0      ?PR??TLI_IRQHANDLER?STM8S_IT
	CODE     00802AH      000001H    INSECTION0      ?PR??AWU_IRQHANDLER?STM8S_IT
	CODE     00802BH      000001H    INSECTION0      ?PR??CLK_IRQHANDLER?STM8S_IT
	CODE     00802CH      000001H    INSECTION0      ?PR??EXTI_PORTA_IRQHANDLER?STM8S_IT
	CODE     00802DH      000001H    INSECTION0      ?PR??EXTI_PORTB_IRQHANDLER?STM8S_IT
	CODE     00802EH      000001H    INSECTION0      ?PR??EXTI_PORTC_IRQHANDLER?STM8S_IT
	         00802FH      000001H                     *** GAP ***
	CODE     008030H      000004H    AT              ?IT?VECTOR#10
	CODE     008034H      000004H    AT              ?IT?VECTOR#11
	CODE     008038H      000004H    AT              ?IT?VECTOR#12
	CODE     00803CH      000004H    AT              ?IT?VECTOR#13
	CODE     008040H      000004H    AT              ?IT?VECTOR#14
	CODE     008044H      000004H    AT              ?IT?VECTOR#15
	CODE     008048H      000004H    AT              ?IT?VECTOR#16
	CODE     00804CH      000001H    INSECTION0      ?PR??EXTI_PORTD_IRQHANDLER?STM8S_IT
	CODE     00804DH      000001H    INSECTION0      ?PR??EXTI_PORTE_IRQHANDLER?STM8S_IT
	CODE     00804EH      000001H    INSECTION0      ?PR??SPI_IRQHANDLER?STM8S_IT
	CODE     00804FH      000001H    INSECTION0      ?PR??TIM1_UPD_OVF_TRG_BRK_IRQHANDLER?STM8S_IT
	CODE     008050H      000001H    INSECTION0      ?PR??TIM1_CAP_COM_IRQHANDLER?STM8S_IT
	CODE     008051H      000001H    INSECTION0      ?PR??TIM2_UPD_OVF_BRK_IRQHANDLER?STM8S_IT
	CODE     008052H      000001H    INSECTION0      ?PR??TIM2_CAP_COM_IRQHANDLER?STM8S_IT
	         008053H      000001H                     *** GAP ***
	CODE     008054H      000004H    AT              ?IT?VECTOR#19
	CODE     008058H      000004H    AT              ?IT?VECTOR#20
	CODE     00805CH      000004H    AT              ?IT?VECTOR#21
	CODE     008060H      000004H    AT              ?IT?VECTOR#22
	CODE     008064H      000004H    AT              ?IT?VECTOR#23
	CODE     008068H      000004H    AT              ?IT?VECTOR#24
	CODE     00806CH      00028CH    INSECTION0      ?STR?HYPERTERMINAL
	CODE     0082F8H      00003BH    INSECTION0      ?PR??TIM3_UPD_OVF_BRK_IRQHANDLER?STM8S_IT
	CODE     008333H      000001H    INSECTION0      ?PR??TIM3_CAP_COM_IRQHANDLER?STM8S_IT
	CODE     008334H      000001H    INSECTION0      ?PR??I2C_IRQHANDLER?STM8S_IT
	CODE     008335H      000001H    INSECTION0      ?PR??UART2_TX_IRQHANDLER?STM8S_IT
	CODE     008336H      000001H    INSECTION0      ?PR??UART2_RX_IRQHANDLER?STM8S_IT
	CODE     008337H      000001H    INSECTION0      ?PR??ADC1_IRQHANDLER?STM8S_IT
	CODE     008338H      000001H    INSECTION0      ?PR??TIM4_UPD_OVF_IRQHANDLER?STM8S_IT
	CODE     008339H      000001H    INSECTION0      ?PR??EEPROM_EEC_IRQHANDLER?STM8S_IT
	CODE     00833AH      0001ABH    INSECTION0      CSTDLIB
	         0084E5H      000001H                     *** GAP ***
	CODE     0084E6H      000047H    INSECTION0      CSTDLIB_DIV32
	CODE     00852DH      0000AEH    INSECTION       ?PR??INT2STR?HYPERTERMINAL
	CODE     0085DBH      000280H    INSECTION       ?PR??STR2INT?HYPERTERMINAL
	CODE     00885BH      000049H    INSECTION       ?PR??GETINTEGERINPUT?HYPERTERMINAL
	CODE     0088A4H      000020H    INSECTION       ?PR??SERIALKEYPRESSED?HYPERTERMINAL
	CODE     0088C4H      000018H    INSECTION       ?PR??GETKEY?HYPERTERMINAL
	CODE     0088DCH      000018H    INSECTION0      CSTDLIB_IX
	CODE     0088F4H      000052H    INSECTION0      CSTDLIB_SHIFT
	CODE     008946H      000020H    INSECTION       ?PR??SERIALPUTCHAR?HYPERTERMINAL
	CODE     008966H      000015H    INSECTION       ?PR??SERIALPUTSTRING?HYPERTERMINAL
	CODE     00897BH      000077H    INSECTION       ?PR??GETINPUTSTRING?HYPERTERMINAL
	CODE     0089F2H      000180H    INSECTION       ?PR??MAIN_MENU?HYPERTERMINAL
	CODE     008B72H      000063H    INSECTION       ?PR?MAIN?MAIN
	CODE     008BD5H      0000C5H    INSECTION       ?PR??LSIMEASURMENT?MAIN
	CODE     008C9AH      000005H    INSECTION       ?PR??BEEP_DEINIT?STM8S_BEEP
	CODE     008C9FH      000046H    INSECTION       ?PR??BEEP_INIT?STM8S_BEEP
	CODE     008CE5H      000021H    INSECTION       ?PR??BEEP_CMD?STM8S_BEEP
	CODE     008D06H      000086H    INSECTION       ?PR??BEEP_LSICALIBRATIONCONFIG?STM8S_BEEP
	CODE     008D8CH      000041H    INSECTION       ?PR??CLK_DEINIT?STM8S_CLK
	CODE     008DCDH      000021H    INSECTION       ?PR??CLK_FASTHALTWAKEUPCMD?STM8S_CLK
	CODE     008DEEH      000021H    INSECTION       ?PR??CLK_HSECMD?STM8S_CLK
	CODE     008E0FH      000021H    INSECTION       ?PR??CLK_HSICMD?STM8S_CLK
	CODE     008E30H      000021H    INSECTION       ?PR??CLK_LSICMD?STM8S_CLK
	CODE     008E51H      000021H    INSECTION       ?PR??CLK_CCOCMD?STM8S_CLK
	CODE     008E72H      000021H    INSECTION       ?PR??CLK_CLOCKSWITCHCMD?STM8S_CLK
	CODE     008E93H      000021H    INSECTION       ?PR??CLK_SLOWACTIVEHALTWAKEUPCMD?STM8S_CLK
	CODE     008EB4H      0000CDH    INSECTION       ?PR??CLK_PERIPHERALCLOCKCONFIG?STM8S_CLK
	CODE     008F81H      0000E5H    INSECTION       ?PR??CLK_CLOCKSWITCHCONFIG?STM8S_CLK
	CODE     009066H      00001BH    INSECTION       ?PR??CLK_HSIPRESCALERCONFIG?STM8S_CLK
	CODE     009081H      000027H    INSECTION       ?PR??CLK_CCOCONFIG?STM8S_CLK
	CODE     0090A8H      000061H    INSECTION       ?PR??CLK_ITCONFIG?STM8S_CLK
	CODE     009109H      000065H    INSECTION       ?PR??CLK_SYSCLKCONFIG?STM8S_CLK
	CODE     00916EH      000021H    INSECTION       ?PR??CLK_SWIMCONFIG?STM8S_CLK
	CODE     00918FH      00001BH    INSECTION       ?PR??CLK_CANCONFIG?STM8S_CLK
	CODE     0091AAH      00000DH    INSECTION       ?PR??CLK_CLOCKSECURITYSYSTEMENABLE?STM8S_CLK
	CODE     0091B7H      000006H    INSECTION       ?PR??CLK_GETSYSCLKSOURCE?STM8S_CLK
	CODE     0091BDH      000085H    INSECTION       ?PR??CLK_GETCLOCKFREQ?STM8S_CLK
	CODE     009242H      000029H    INSECTION       ?PR??CLK_ADJUSTHSICALIBRATIONVALUE?STM8S_CLK
	CODE     00926BH      00000DH    INSECTION       ?PR??CLK_SYSCLKEMERGENCYCLEAR?STM8S_CLK
	CODE     009278H      000091H    INSECTION       ?PR??CLK_GETFLAGSTATUS?STM8S_CLK
	CODE     009309H      000075H    INSECTION       ?PR??CLK_GETITSTATUS?STM8S_CLK
	CODE     00937EH      000024H    INSECTION       ?PR??CLK_CLEARITPENDINGBIT?STM8S_CLK
	CODE     0093A2H      000020H    INSECTION       ?PR??GPIO_DEINIT?STM8S_GPIO
	CODE     0093C2H      0000E5H    INSECTION       ?PR??GPIO_INIT?STM8S_GPIO
	CODE     0094A7H      00000AH    INSECTION       ?PR??GPIO_WRITE?STM8S_GPIO
	CODE     0094B1H      00000DH    INSECTION       ?PR??GPIO_WRITEHIGH?STM8S_GPIO
	CODE     0094BEH      000022H    INSECTION       ?PR??GPIO_WRITELOW?STM8S_GPIO
	CODE     0094E0H      00000DH    INSECTION       ?PR??GPIO_WRITEREVERSE?STM8S_GPIO
	CODE     0094EDH      000006H    INSECTION       ?PR??GPIO_READOUTPUTDATA?STM8S_GPIO
	CODE     0094F3H      000009H    INSECTION       ?PR??GPIO_READINPUTDATA?STM8S_GPIO
	CODE     0094FCH      000029H    INSECTION       ?PR??GPIO_READINPUTPIN?STM8S_GPIO
	CODE     009525H      000038H    INSECTION       ?PR??GPIO_EXTERNALPULLUPCONFIG?STM8S_GPIO
	CODE     00955DH      000099H    INSECTION       ?PR??TIM1_DEINIT?STM8S_TIM1
	CODE     0095F6H      000048H    INSECTION       ?PR??TIM1_TIMEBASEINIT?STM8S_TIM1
	CODE     00963EH      0000F2H    INSECTION       ?PR??TIM1_OC1INIT?STM8S_TIM1
	CODE     009730H      0000F2H    INSECTION       ?PR??TIM1_OC2INIT?STM8S_TIM1
	CODE     009822H      0000F2H    INSECTION       ?PR??TIM1_OC3INIT?STM8S_TIM1
	CODE     009914H      000094H    INSECTION       ?PR??TIM1_OC4INIT?STM8S_TIM1
	CODE     0099A8H      000059H    INSECTION       ?PR??TIM1_BDTRCONFIG?STM8S_TIM1
	CODE     009A01H      00005FH    INSECTION       ?PR??TIM1_ICINIT?STM8S_TIM1
	CODE     009A60H      000079H    INSECTION       ?PR??TIM1_PWMICONFIG?STM8S_TIM1
	CODE     009AD9H      000021H    INSECTION       ?PR??TIM1_CMD?STM8S_TIM1
	CODE     009AFAH      000021H    INSECTION       ?PR??TIM1_CTRLPWMOUTPUTS?STM8S_TIM1
	CODE     009B1BH      000025H    INSECTION       ?PR??TIM1_ITCONFIG?STM8S_TIM1
	CODE     009B40H      00000DH    INSECTION       ?PR??TIM1_INTERNALCLOCKCONFIG?STM8S_TIM1
	CODE     009B4DH      000034H    INSECTION       ?PR??TIM1_ETRCLOCKMODE1CONFIG?STM8S_TIM1
	CODE     009B81H      00001CH    INSECTION       ?PR??TIM1_ETRCLOCKMODE2CONFIG?STM8S_TIM1
	CODE     009B9DH      00003BH    INSECTION       ?PR??TIM1_ETRCONFIG?STM8S_TIM1
	CODE     009BD8H      000033H    INSECTION       ?PR??TIM1_TIXEXTERNALCLOCKCONFIG?STM8S_TIM1
	CODE     009C0BH      000029H    INSECTION       ?PR??TIM1_SELECTINPUTTRIGGER?STM8S_TIM1
	CODE     009C34H      000021H    INSECTION       ?PR??TIM1_UPDATEDISABLECONFIG?STM8S_TIM1
	CODE     009C55H      000021H    INSECTION       ?PR??TIM1_UPDATEREQUESTCONFIG?STM8S_TIM1
	CODE     009C76H      000021H    INSECTION       ?PR??TIM1_SELECTHALLSENSOR?STM8S_TIM1
	CODE     009C97H      000021H    INSECTION       ?PR??TIM1_SELECTONEPULSEMODE?STM8S_TIM1
	CODE     009CB8H      000029H    INSECTION       ?PR??TIM1_SELECTOUTPUTTRIGGER?STM8S_TIM1
	CODE     009CE1H      000029H    INSECTION       ?PR??TIM1_SELECTSLAVEMODE?STM8S_TIM1
	CODE     009D0AH      000021H    INSECTION       ?PR??TIM1_SELECTMASTERSLAVEMODE?STM8S_TIM1
	CODE     009D2BH      0000ADH    INSECTION       ?PR??TIM1_ENCODERINTERFACECONFIG?STM8S_TIM1
	CODE     009DD8H      000015H    INSECTION       ?PR??TIM1_PRESCALERCONFIG?STM8S_TIM1
	CODE     009DEDH      000029H    INSECTION       ?PR??TIM1_COUNTERMODECONFIG?STM8S_TIM1
	CODE     009E16H      000029H    INSECTION       ?PR??TIM1_FORCEDOC1CONFIG?STM8S_TIM1
	CODE     009E3FH      000029H    INSECTION       ?PR??TIM1_FORCEDOC2CONFIG?STM8S_TIM1
	CODE     009E68H      000029H    INSECTION       ?PR??TIM1_FORCEDOC3CONFIG?STM8S_TIM1
	CODE     009E91H      000029H    INSECTION       ?PR??TIM1_FORCEDOC4CONFIG?STM8S_TIM1
	CODE     009EBAH      000021H    INSECTION       ?PR??TIM1_ARRPRELOADCONFIG?STM8S_TIM1
	CODE     009EDBH      000021H    INSECTION       ?PR??TIM1_SELECTCOM?STM8S_TIM1
	CODE     009EFCH      000021H    INSECTION       ?PR??TIM1_CCPRELOADCONTROL?STM8S_TIM1
	CODE     009F1DH      000021H    INSECTION       ?PR??TIM1_OC1PRELOADCONFIG?STM8S_TIM1
	CODE     009F3EH      000021H    INSECTION       ?PR??TIM1_OC2PRELOADCONFIG?STM8S_TIM1
	CODE     009F5FH      000021H    INSECTION       ?PR??TIM1_OC3PRELOADCONFIG?STM8S_TIM1
	CODE     009F80H      000021H    INSECTION       ?PR??TIM1_OC4PRELOADCONFIG?STM8S_TIM1
	CODE     009FA1H      000021H    INSECTION       ?PR??TIM1_OC1FASTCONFIG?STM8S_TIM1
	CODE     009FC2H      000021H    INSECTION       ?PR??TIM1_OC2FASTCONFIG?STM8S_TIM1
	CODE     009FE3H      000021H    INSECTION       ?PR??TIM1_OC3FASTCONFIG?STM8S_TIM1
	CODE     00A004H      000021H    INSECTION       ?PR??TIM1_OC4FASTCONFIG?STM8S_TIM1
	CODE     00A025H      000008H    INSECTION       ?PR??TIM1_GENERATEEVENT?STM8S_TIM1
	CODE     00A02DH      000021H    INSECTION       ?PR??TIM1_OC1POLARITYCONFIG?STM8S_TIM1
	CODE     00A04EH      000021H    INSECTION       ?PR??TIM1_OC1NPOLARITYCONFIG?STM8S_TIM1
	CODE     00A06FH      000021H    INSECTION       ?PR??TIM1_OC2POLARITYCONFIG?STM8S_TIM1
	CODE     00A090H      000021H    INSECTION       ?PR??TIM1_OC2NPOLARITYCONFIG?STM8S_TIM1
	CODE     00A0B1H      000021H    INSECTION       ?PR??TIM1_OC3POLARITYCONFIG?STM8S_TIM1
	CODE     00A0D2H      000021H    INSECTION       ?PR??TIM1_OC3NPOLARITYCONFIG?STM8S_TIM1
	CODE     00A0F3H      000021H    INSECTION       ?PR??TIM1_OC4POLARITYCONFIG?STM8S_TIM1
	CODE     00A114H      000093H    INSECTION       ?PR??TIM1_CCXCMD?STM8S_TIM1
	CODE     00A1A7H      00006CH    INSECTION       ?PR??TIM1_CCXNCMD?STM8S_TIM1
	CODE     00A213H      0000E4H    INSECTION       ?PR??TIM1_SELECTOCXM?STM8S_TIM1
	CODE     00A2F7H      000010H    INSECTION       ?PR??TIM1_SETCOUNTER?STM8S_TIM1
	CODE     00A307H      000010H    INSECTION       ?PR??TIM1_SETAUTORELOAD?STM8S_TIM1
	CODE     00A317H      000010H    INSECTION       ?PR??TIM1_SETCOMPARE1?STM8S_TIM1
	CODE     00A327H      000010H    INSECTION       ?PR??TIM1_SETCOMPARE2?STM8S_TIM1
	CODE     00A337H      000010H    INSECTION       ?PR??TIM1_SETCOMPARE3?STM8S_TIM1
	CODE     00A347H      000010H    INSECTION       ?PR??TIM1_SETCOMPARE4?STM8S_TIM1
	CODE     00A357H      000029H    INSECTION       ?PR??TIM1_SETIC1PRESCALER?STM8S_TIM1
	CODE     00A380H      000029H    INSECTION       ?PR??TIM1_SETIC2PRESCALER?STM8S_TIM1
	CODE     00A3A9H      000029H    INSECTION       ?PR??TIM1_SETIC3PRESCALER?STM8S_TIM1
	CODE     00A3D2H      000029H    INSECTION       ?PR??TIM1_SETIC4PRESCALER?STM8S_TIM1
	CODE     00A3FBH      00003AH    INSECTION       ?PR??TIM1_GETCAPTURE1?STM8S_TIM1
	CODE     00A435H      00003AH    INSECTION       ?PR??TIM1_GETCAPTURE2?STM8S_TIM1
	CODE     00A46FH      00003AH    INSECTION       ?PR??TIM1_GETCAPTURE3?STM8S_TIM1
	CODE     00A4A9H      00003AH    INSECTION       ?PR??TIM1_GETCAPTURE4?STM8S_TIM1
	CODE     00A4E3H      00001FH    INSECTION       ?PR??TIM1_GETCOUNTER?STM8S_TIM1
	CODE     00A502H      00001FH    INSECTION       ?PR??TIM1_GETPRESCALER?STM8S_TIM1
	CODE     00A521H      000076H    INSECTION       ?PR??TIM1_GETFLAGSTATUS?STM8S_TIM1
	CODE     00A597H      000028H    INSECTION       ?PR??TIM1_CLEARFLAG?STM8S_TIM1
	CODE     00A5BFH      00006FH    INSECTION       ?PR??TIM1_GETITSTATUS?STM8S_TIM1
	CODE     00A62EH      00000CH    INSECTION       ?PR??TIM1_CLEARITPENDINGBIT?STM8S_TIM1
	CODE     00A63AH      00008AH    INSECTION       ?PR??TI1_CONFIG?STM8S_TIM1?S?STM8S_TIM1
	CODE     00A6C4H      00008AH    INSECTION       ?PR??TI2_CONFIG?STM8S_TIM1?S?STM8S_TIM1
	CODE     00A74EH      00008AH    INSECTION       ?PR??TI3_CONFIG?STM8S_TIM1?S?STM8S_TIM1
	CODE     00A7D8H      00008AH    INSECTION       ?PR??TI4_CONFIG?STM8S_TIM1?S?STM8S_TIM1
	CODE     00A862H      000045H    INSECTION       ?PR??TIM3_DEINIT?STM8S_TIM3
	CODE     00A8A7H      000015H    INSECTION       ?PR??TIM3_TIMEBASEINIT?STM8S_TIM3
	CODE     00A8BCH      000078H    INSECTION       ?PR??TIM3_OC1INIT?STM8S_TIM3
	CODE     00A934H      000078H    INSECTION       ?PR??TIM3_OC2INIT?STM8S_TIM3
	CODE     00A9ACH      00002EH    INSECTION       ?PR??TIM3_ICINIT?STM8S_TIM3
	CODE     00A9DAH      00007CH    INSECTION       ?PR??TIM3_PWMICONFIG?STM8S_TIM3
	CODE     00AA56H      000021H    INSECTION       ?PR??TIM3_CMD?STM8S_TIM3
	CODE     00AA77H      000023H    INSECTION       ?PR??TIM3_ITCONFIG?STM8S_TIM3
	CODE     00AA9AH      000021H    INSECTION       ?PR??TIM3_UPDATEDISABLECONFIG?STM8S_TIM3
	CODE     00AABBH      000021H    INSECTION       ?PR??TIM3_UPDATEREQUESTCONFIG?STM8S_TIM3
	CODE     00AADCH      000021H    INSECTION       ?PR??TIM3_SELECTONEPULSEMODE?STM8S_TIM3
	CODE     00AAFDH      00000DH    INSECTION       ?PR??TIM3_PRESCALERCONFIG?STM8S_TIM3
	CODE     00AB0AH      000029H    INSECTION       ?PR??TIM3_FORCEDOC1CONFIG?STM8S_TIM3
	CODE     00AB33H      000029H    INSECTION       ?PR??TIM3_FORCEDOC2CONFIG?STM8S_TIM3
	CODE     00AB5CH      000021H    INSECTION       ?PR??TIM3_ARRPRELOADCONFIG?STM8S_TIM3
	CODE     00AB7DH      000021H    INSECTION       ?PR??TIM3_OC1PRELOADCONFIG?STM8S_TIM3
	CODE     00AB9EH      000021H    INSECTION       ?PR??TIM3_OC2PRELOADCONFIG?STM8S_TIM3
	CODE     00ABBFH      000008H    INSECTION       ?PR??TIM3_GENERATEEVENT?STM8S_TIM3
	CODE     00ABC7H      000021H    INSECTION       ?PR??TIM3_OC1POLARITYCONFIG?STM8S_TIM3
	CODE     00ABE8H      000021H    INSECTION       ?PR??TIM3_OC2POLARITYCONFIG?STM8S_TIM3
	CODE     00AC09H      000045H    INSECTION       ?PR??TIM3_CCXCMD?STM8S_TIM3
	CODE     00AC4EH      00006DH    INSECTION       ?PR??TIM3_SELECTOCXM?STM8S_TIM3
	CODE     00ACBBH      000010H    INSECTION       ?PR??TIM3_SETCOUNTER?STM8S_TIM3
	CODE     00ACCBH      000010H    INSECTION       ?PR??TIM3_SETAUTORELOAD?STM8S_TIM3
	CODE     00ACDBH      000010H    INSECTION       ?PR??TIM3_SETCOMPARE1?STM8S_TIM3
	CODE     00ACEBH      000010H    INSECTION       ?PR??TIM3_SETCOMPARE2?STM8S_TIM3
	CODE     00ACFBH      000029H    INSECTION       ?PR??TIM3_SETIC1PRESCALER?STM8S_TIM3
	CODE     00AD24H      000029H    INSECTION       ?PR??TIM3_SETIC2PRESCALER?STM8S_TIM3
	CODE     00AD4DH      00003AH    INSECTION       ?PR??TIM3_GETCAPTURE1?STM8S_TIM3
	CODE     00AD87H      00003AH    INSECTION       ?PR??TIM3_GETCAPTURE2?STM8S_TIM3
	CODE     00ADC1H      00001FH    INSECTION       ?PR??TIM3_GETCOUNTER?STM8S_TIM3
	CODE     00ADE0H      000006H    INSECTION       ?PR??TIM3_GETPRESCALER?STM8S_TIM3
	CODE     00ADE6H      000079H    INSECTION       ?PR??TIM3_GETFLAGSTATUS?STM8S_TIM3
	CODE     00AE5FH      00001BH    INSECTION       ?PR??TIM3_CLEARFLAG?STM8S_TIM3
	CODE     00AE7AH      000057H    INSECTION       ?PR??TIM3_GETITSTATUS?STM8S_TIM3
	CODE     00AED1H      00000AH    INSECTION       ?PR??TIM3_CLEARITPENDINGBIT?STM8S_TIM3
	CODE     00AEDBH      00008AH    INSECTION       ?PR??TI1_CONFIG?STM8S_TIM3?S?STM8S_TIM3
	CODE     00AF65H      00008AH    INSECTION       ?PR??TI2_CONFIG?STM8S_TIM3?S?STM8S_TIM3
	CODE     00AFEFH      000031H    INSECTION       ?PR??UART2_DEINIT?STM8S_UART2
	CODE     00B020H      0001CDH    INSECTION       ?PR??UART2_INIT?STM8S_UART2
	CODE     00B1EDH      000021H    INSECTION       ?PR??UART2_CMD?STM8S_UART2
	CODE     00B20EH      0000DDH    INSECTION       ?PR??UART2_ITCONFIG?STM8S_UART2
	CODE     00B2EBH      000021H    INSECTION       ?PR??UART2_IRDACONFIG?STM8S_UART2
	CODE     00B30CH      000021H    INSECTION       ?PR??UART2_IRDACMD?STM8S_UART2
	CODE     00B32DH      000021H    INSECTION       ?PR??UART2_LINBREAKDETECTIONCONFIG?STM8S_UART2
	CODE     00B34EH      00005DH    INSECTION       ?PR??UART2_LINCONFIG?STM8S_UART2
	CODE     00B3ABH      000021H    INSECTION       ?PR??UART2_LINCMD?STM8S_UART2
	CODE     00B3CCH      000021H    INSECTION       ?PR??UART2_SMARTCARDCMD?STM8S_UART2
	CODE     00B3EDH      000021H    INSECTION       ?PR??UART2_SMARTCARDNACKCMD?STM8S_UART2
	CODE     00B40EH      00001BH    INSECTION       ?PR??UART2_WAKEUPCONFIG?STM8S_UART2
	CODE     00B429H      000021H    INSECTION       ?PR??UART2_RECEIVERWAKEUPCMD?STM8S_UART2
	CODE     00B44AH      000004H    INSECTION       ?PR??UART2_RECEIVEDATA8?STM8S_UART2
	CODE     00B44EH      000032H    INSECTION       ?PR??UART2_RECEIVEDATA9?STM8S_UART2
	CODE     00B480H      000008H    INSECTION       ?PR??UART2_SENDDATA8?STM8S_UART2
	CODE     00B488H      000033H    INSECTION       ?PR??UART2_SENDDATA9?STM8S_UART2
	CODE     00B4BBH      000033H    INSECTION0      CSTART
	CODE     00B4EEH      00000DH    INSECTION       ?PR??UART2_SENDBREAK?STM8S_UART2
	CODE     00B4FBH      00001BH    INSECTION       ?PR??UART2_SETADDRESS?STM8S_UART2
	CODE     00B516H      000008H    INSECTION       ?PR??UART2_SETGUARDTIME?STM8S_UART2
	CODE     00B51EH      000008H    INSECTION       ?PR??UART2_SETPRESCALER?STM8S_UART2
	CODE     00B526H      0000E3H    INSECTION       ?PR??UART2_GETFLAGSTATUS?STM8S_UART2
	CODE     00B609H      000046H    INSECTION       ?PR??UART2_CLEARFLAG?STM8S_UART2
	CODE     00B64FH      0001C5H    INSECTION       ?PR??UART2_GETITSTATUS?STM8S_UART2
	CODE     00B814H      000031H    INSECTION       ?PR??UART2_CLEARITPENDINGBIT?STM8S_UART2
	CODE     00B845H      000013H    UNIT            ?PR?STATINIT

EXECUTABLE SUMMARY:
-------------------
    Total EEPROM storage requirement:  0000H (0)
    Total DATA storage requirement:  0238H (568)
    Total CODE storage requirement:  3855H (14421)


REFERENCE MAP OF MODULE: DEBUG\HYPERTERMINAL.AOF (HYPERTERMINAL)

SEGMENT
   +-->CALLED SEGMENT
---------------------
?PR??INT2STR?HYPERTERMINAL
   +-->CSTDLIB
   +-->CSTDLIB_DIV32
   +-->CSTDLIB
   +-->CSTDLIB_IX
   +-->CSTDLIB

?PR??STR2INT?HYPERTERMINAL
   +-->CSTDLIB_IX
   +-->CSTDLIB
   +-->CSTDLIB_SHIFT
   +-->CSTDLIB

?PR??GETINTEGERINPUT?HYPERTERMINAL
   +-->?PR??STR2INT?HYPERTERMINAL
   +-->?PR??SERIALPUTSTRING?HYPERTERMINAL
   +-->?STR?HYPERTERMINAL
   +-->?PR??GETINPUTSTRING?HYPERTERMINAL

?PR??SERIALKEYPRESSED?HYPERTERMINAL
   +-->?PR??UART2_GETFLAGSTATUS?STM8S_UART2

?PR??GETKEY?HYPERTERMINAL
   +-->?PR??SERIALKEYPRESSED?HYPERTERMINAL

?PR??SERIALPUTCHAR?HYPERTERMINAL
   +-->?PR??UART2_SENDDATA8?STM8S_UART2

?PR??SERIALPUTSTRING?HYPERTERMINAL
   +-->?PR??SERIALPUTCHAR?HYPERTERMINAL

?PR??GETINPUTSTRING?HYPERTERMINAL
   +-->?PR??SERIALPUTCHAR?HYPERTERMINAL
   +-->?PR??SERIALPUTSTRING?HYPERTERMINAL
   +-->?STR?HYPERTERMINAL
   +-->?PR??GETKEY?HYPERTERMINAL

?PR??MAIN_MENU?HYPERTERMINAL
   +-->?PR??BEEP_INIT?STM8S_BEEP
   +-->?PR??BEEP_CMD?STM8S_BEEP
   +-->CSTDLIB
   +-->?PR??GETINTEGERINPUT?HYPERTERMINAL
   +-->?PR??GPIO_WRITEHIGH?STM8S_GPIO
   +-->?PR??GPIO_WRITELOW?STM8S_GPIO
   +-->?PR??TIM3_CMD?STM8S_TIM3
   +-->CSTDLIB
   +-->?PR??GETINPUTSTRING?HYPERTERMINAL
   +-->?PR??SERIALPUTSTRING?HYPERTERMINAL
   +-->?STR?HYPERTERMINAL

?PR?MAIN?MAIN
   +-->?PR??MAIN_MENU?HYPERTERMINAL
   +-->?PR??BEEP_LSICALIBRATIONCONFIG?STM8S_BEEP
   +-->CSTDLIB
   +-->?PR??LSIMEASURMENT?MAIN
   +-->?PR??UART2_INIT?STM8S_UART2
   +-->?PR??UART2_DEINIT?STM8S_UART2
   +-->?PR??CLK_HSIPRESCALERCONFIG?STM8S_CLK
   +-->?PR??GPIO_INIT?STM8S_GPIO
   +-->?PR??TIM3_ITCONFIG?STM8S_TIM3
   +-->?PR??TIM3_TIMEBASEINIT?STM8S_TIM3
   +-->?PR??TIM3_DEINIT?STM8S_TIM3

?PR??LSIMEASURMENT?MAIN
   +-->CSTDLIB_DIV32
   +-->CSTDLIB_SHIFT
   +-->CSTDLIB
   +-->?PR??TIM3_CLEARFLAG?STM8S_TIM3
   +-->?PR??TIM3_GETCAPTURE1?STM8S_TIM3
   +-->?PR??TIM3_CMD?STM8S_TIM3
   +-->?PR??TIM3_ICINIT?STM8S_TIM3
   +-->CSTDLIB
   +-->?PR??CLK_GETCLOCKFREQ?STM8S_CLK

?PR??TIM3_UPD_OVF_BRK_IRQHANDLER?STM8S_IT
   +-->?PR??TIM3_CLEARITPENDINGBIT?STM8S_TIM3
   +-->?PR??GPIO_WRITEREVERSE?STM8S_GPIO

?PR??BEEP_LSICALIBRATIONCONFIG?STM8S_BEEP
   +-->CSTDLIB
   +-->CSTDLIB_IX

?PR??CLK_PERIPHERALCLOCKCONFIG?STM8S_CLK
   +-->CSTDLIB_SHIFT

?PR??CLK_GETCLOCKFREQ?STM8S_CLK
   +-->CSTDLIB
   +-->CSTDLIB_DIV32
   +-->CSTDLIB

?PR??TIM1_ICINIT?STM8S_TIM1
   +-->?PR??TIM1_SETIC4PRESCALER?STM8S_TIM1
   +-->?PR??TI4_CONFIG?STM8S_TIM1?S?STM8S_TIM1
   +-->?PR??TIM1_SETIC3PRESCALER?STM8S_TIM1
   +-->?PR??TI3_CONFIG?STM8S_TIM1?S?STM8S_TIM1
   +-->?PR??TIM1_SETIC2PRESCALER?STM8S_TIM1
   +-->?PR??TI2_CONFIG?STM8S_TIM1?S?STM8S_TIM1
   +-->?PR??TIM1_SETIC1PRESCALER?STM8S_TIM1
   +-->?PR??TI1_CONFIG?STM8S_TIM1?S?STM8S_TIM1

?PR??TIM1_PWMICONFIG?STM8S_TIM1
   +-->?PR??TIM1_SETIC2PRESCALER?STM8S_TIM1
   +-->?PR??TI2_CONFIG?STM8S_TIM1?S?STM8S_TIM1
   +-->?PR??TIM1_SETIC1PRESCALER?STM8S_TIM1
   +-->?PR??TI1_CONFIG?STM8S_TIM1?S?STM8S_TIM1

?PR??TIM1_ETRCLOCKMODE1CONFIG?STM8S_TIM1
   +-->?PR??TIM1_ETRCONFIG?STM8S_TIM1

?PR??TIM1_ETRCLOCKMODE2CONFIG?STM8S_TIM1
   +-->?PR??TIM1_ETRCONFIG?STM8S_TIM1

?PR??TIM1_TIXEXTERNALCLOCKCONFIG?STM8S_TIM1
   +-->?PR??TIM1_SELECTINPUTTRIGGER?STM8S_TIM1
   +-->?PR??TI1_CONFIG?STM8S_TIM1?S?STM8S_TIM1
   +-->?PR??TI2_CONFIG?STM8S_TIM1?S?STM8S_TIM1

?PR??TIM3_ICINIT?STM8S_TIM3
   +-->?PR??TIM3_SETIC2PRESCALER?STM8S_TIM3
   +-->?PR??TI2_CONFIG?STM8S_TIM3?S?STM8S_TIM3
   +-->?PR??TIM3_SETIC1PRESCALER?STM8S_TIM3
   +-->?PR??TI1_CONFIG?STM8S_TIM3?S?STM8S_TIM3

?PR??TIM3_PWMICONFIG?STM8S_TIM3
   +-->?PR??TIM3_SETIC2PRESCALER?STM8S_TIM3
   +-->?PR??TI2_CONFIG?STM8S_TIM3?S?STM8S_TIM3
   +-->?PR??TIM3_SETIC1PRESCALER?STM8S_TIM3
   +-->?PR??TI1_CONFIG?STM8S_TIM3?S?STM8S_TIM3

?PR??TIM3_GETFLAGSTATUS?STM8S_TIM3
   +-->CSTDLIB_SHIFT

?PR??TIM3_CLEARFLAG?STM8S_TIM3
   +-->CSTDLIB_SHIFT

?PR??UART2_INIT?STM8S_UART2
   +-->CSTDLIB
   +-->CSTDLIB_SHIFT
   +-->CSTDLIB
   +-->CSTDLIB_IX
   +-->CSTDLIB
   +-->CSTDLIB_DIV32
   +-->?PR??CLK_GETCLOCKFREQ?STM8S_CLK
   +-->CSTDLIB
   +-->CSTDLIB_SHIFT
   +-->CSTDLIB

?PR??UART2_ITCONFIG?STM8S_UART2
   +-->CSTDLIB_SHIFT

?PR??UART2_GETITSTATUS?STM8S_UART2
   +-->CSTDLIB_SHIFT


SYMBOL TABLE FOR DEBUG\HYPERTERMINAL.AOF(HYPERTERMINAL)
--------------------------------------------------------

	VALUE              TYPE               NAME
	-----              ----               ----

	----------         TranslatorMod-ST7  HYPERTERMINAL
	  C:0089F2H        PUBLIC             ?Main_Menu
	  C:00897BH        PUBLIC             ?GetInputString
	  C:008966H        PUBLIC             ?SerialPutString
	  C:008946H        PUBLIC             ?SerialPutChar
	  C:0088C4H        PUBLIC             ?GetKey
	  C:0088A4H        PUBLIC             ?SerialKeyPressed
	  C:00885BH        PUBLIC             ?GetIntegerInput
	  C:0085DBH        PUBLIC             ?Str2Int
	  C:00852DH        PUBLIC             ?Int2Str
	  C:0089F2H        SYMBOL             ?Main_Menu
	  C:00897BH        SYMBOL             ?GetInputString
	  C:008966H        SYMBOL             ?SerialPutString
	  C:008946H        SYMBOL             ?SerialPutChar
	  C:0088C4H        SYMBOL             ?GetKey
	  C:0088A4H        SYMBOL             ?SerialKeyPressed
	  C:00885BH        SYMBOL             ?GetIntegerInput
	  C:0085DBH        SYMBOL             ?Str2Int
	  C:00852DH        SYMBOL             ?Int2Str
	  T:000000H        SYMBOL             pFunction
	  T:000000H        SYMBOL             _fctptr_t
	  T:000000H        SYMBOL             UART2_IT_TypeDef
	  T:000000H        SYMBOL             UART2_Flag_TypeDef
	  T:000000H        SYMBOL             UART2_Mode_TypeDef
	  T:000000H        SYMBOL             UART2_WordLength_TypeDef
	  T:000000H        SYMBOL             UART2_SyncMode_TypeDef
	  T:000000H        SYMBOL             UART2_LinDivUp_TypeDef
	  T:000000H        SYMBOL             UART2_LinAutosync_TypeDef
	  T:000000H        SYMBOL             UART2_LinMode_TypeDef
	  T:000000H        SYMBOL             UART2_Parity_TypeDef
	  T:000000H        SYMBOL             UART2_StopBits_TypeDef
	  T:000000H        SYMBOL             UART2_LINBreakDetectionLength_TypeDef
	  T:000000H        SYMBOL             UART2_WakeUp_TypeDef
	  T:000000H        SYMBOL             UART2_IrDAMode_TypeDef
	  T:000000H        SYMBOL             TIM3_FLAG_TypeDef
	  T:000000H        SYMBOL             TIM3_UpdateSource_TypeDef
	  T:000000H        SYMBOL             TIM3_EventSource_TypeDef
	  T:000000H        SYMBOL             TIM3_PSCReloadMode_TypeDef
	  T:000000H        SYMBOL             TIM3_IT_TypeDef
	  T:000000H        SYMBOL             TIM3_ICPSC_TypeDef
	  T:000000H        SYMBOL             TIM3_ICSelection_TypeDef
	  T:000000H        SYMBOL             TIM3_ICPolarity_TypeDef
	  T:000000H        SYMBOL             TIM3_OutputState_TypeDef
	  T:000000H        SYMBOL             TIM3_OCPolarity_TypeDef
	  T:000000H        SYMBOL             TIM3_Channel_TypeDef
	  T:000000H        SYMBOL             TIM3_OPMode_TypeDef
	  T:000000H        SYMBOL             TIM3_OCMode_TypeDef
	  T:000000H        SYMBOL             TIM3_Prescaler_TypeDef
	  T:000000H        SYMBOL             TIM3_ForcedAction_TypeDef
	  T:000000H        SYMBOL             GPIO_Pin_TypeDef
	  T:000000H        SYMBOL             GPIO_Mode_TypeDef
	  T:000000H        SYMBOL             CLK_CANDivider_TypeDef
	  T:000000H        SYMBOL             CLK_SWIMDivider_TypeDef
	  T:000000H        SYMBOL             CLK_Prescaler_TypeDef
	  T:000000H        SYMBOL             CLK_IT_TypeDef
	  T:000000H        SYMBOL             CLK_Flag_TypeDef
	  T:000000H        SYMBOL             CLK_Peripheral_TypeDef
	  T:000000H        SYMBOL             CLK_Output_TypeDef
	  T:000000H        SYMBOL             CLK_HSITrimValue_TypeDef
	  T:000000H        SYMBOL             CLK_Source_TypeDef
	  T:000000H        SYMBOL             CLK_CSSConfig_TypeDef
	  T:000000H        SYMBOL             CLK_CurrentClockState_TypeDef
	  T:000000H        SYMBOL             CLK_SwitchMode_TypeDef
	  T:000000H        SYMBOL             BEEP_Frequency_TypeDef
	  T:000000H        SYMBOL             CFG_TypeDef
	  T:000000H        SYMBOL             CAN_TypeDef
	  T:000000H        SYMBOL             UART3_TypeDef
	  T:000000H        SYMBOL             UART2_TypeDef
	  T:000000H        SYMBOL             UART1_TypeDef
	  T:000000H        SYMBOL             SWIM_TypeDef
	  T:000000H        SYMBOL             SPI_TypeDef
	  T:000000H        SYMBOL             RST_TypeDef
	  T:000000H        SYMBOL             WWDG_TypeDef
	  T:000000H        SYMBOL             IWDG_TypeDef
	  T:000000H        SYMBOL             OPT_TypeDef
	  T:000000H        SYMBOL             FLASH_TypeDef
	  T:000000H        SYMBOL             EXTI_TypeDef
	  T:000000H        SYMBOL             ITC_TypeDef
	  T:000000H        SYMBOL             I2C_TypeDef
	  T:000000H        SYMBOL             TIM6_TypeDef
	  T:000000H        SYMBOL             TIM5_TypeDef
	  T:000000H        SYMBOL             TIM4_TypeDef
	  T:000000H        SYMBOL             TIM3_TypeDef
	  T:000000H        SYMBOL             TIM2_TypeDef
	  T:000000H        SYMBOL             TIM1_TypeDef
	  T:000000H        SYMBOL             CLK_TypeDef
	  T:000000H        SYMBOL             BEEP_TypeDef
	  T:000000H        SYMBOL             AWU_TypeDef
	  T:000000H        SYMBOL             ADC1_TypeDef
	  T:000000H        SYMBOL             GPIO_TypeDef
	  T:000000H        SYMBOL             ErrorStatus
	  T:000000H        SYMBOL             FunctionalState
	  T:000000H        SYMBOL             BitStatus
	  T:000000H        SYMBOL             ITStatus
	  T:000000H        SYMBOL             FlagStatus
	  T:000000H        SYMBOL             bool
	  T:000000H        SYMBOL             vuc8
	  T:000000H        SYMBOL             vuc16
	  T:000000H        SYMBOL             vuc32
	  T:000000H        SYMBOL             vu8
	  T:000000H        SYMBOL             vu16
	  T:000000H        SYMBOL             vu32
	  T:000000H        SYMBOL             uc8
	  T:000000H        SYMBOL             uc16
	  T:000000H        SYMBOL             uc32
	  T:000000H        SYMBOL             u8
	  T:000000H        SYMBOL             u16
	  T:000000H        SYMBOL             u32
	  T:000000H        SYMBOL             vsc8
	  T:000000H        SYMBOL             vsc16
	  T:000000H        SYMBOL             vsc32
	  T:000000H        SYMBOL             vs8
	  T:000000H        SYMBOL             vs16
	  T:000000H        SYMBOL             vs32
	  T:000000H        SYMBOL             sc8
	  T:000000H        SYMBOL             sc16
	  T:000000H        SYMBOL             sc32
	  T:000000H        SYMBOL             s8
	  T:000000H        SYMBOL             s16
	  T:000000H        SYMBOL             s32
	  T:000000H        SYMBOL             va_list
	  T:000000H        SYMBOL             size_t
	  N:000FFEH        SYMBOL             _ICE_DUMMY_
	----------         PROC-ST7           ?PR??INT2STR?HYPERTERMINAL
	  S:000009H        SYMBOL             str
	  S:00000DH        SYMBOL             intnum
	  S:000001H        SYMBOL             i
	  S:000003H        SYMBOL             Div
	  S:000005H        SYMBOL             j
	  S:000007H        SYMBOL             Status
	  C:00852DH        LINE#              37
	  C:008530H        LINE#              39
	  C:00853FH        LINE#              40
	  C:008544H        LINE#              41
	  C:008544H        LINE#              42
	  C:008561H        LINE#              43
	  C:008577H        LINE#              44
	  C:008582H        LINE#              45
	  C:0085BCH        LINE#              46
	  C:0085BCH        LINE#              47
	  C:0085C3H        LINE#              50
	  C:0085C3H        LINE#              51
	  C:0085C8H        LINE#              40
	  C:0085DAH        LINE#              54
	----------         ENDPROC-ST7        
	----------         PROC-ST7           ?PR??STR2INT?HYPERTERMINAL
	  S:000007H        SYMBOL             inputstr
	  S:00000BH        SYMBOL             intnum
	  S:000001H        SYMBOL             i
	  S:000002H        SYMBOL             res
	  S:000003H        SYMBOL             val
	  C:0085DBH        LINE#              65
	  C:0085DEH        LINE#              67
	  C:0085E6H        LINE#              68
	  C:0085EBH        LINE#              69
	  C:00860CH        LINE#              70
	  C:00860CH        LINE#              71
	  C:008614H        LINE#              72
	  C:008614H        LINE#              73
	  C:008619H        LINE#              75
	  C:00861DH        LINE#              76
	  C:00861DH        LINE#              77
	  C:008627H        LINE#              78
	  C:008627H        LINE#              79
	  C:008632H        LINE#              80
	  C:008636H        LINE#              81
	  C:008639H        LINE#              83
	  C:008687H        LINE#              84
	  C:008687H        LINE#              85
	  C:008739H        LINE#              88
	  C:008739H        LINE#              90
	  C:00873DH        LINE#              91
	  C:00873FH        LINE#              75
	  C:00874CH        LINE#              94
	  C:008759H        LINE#              97
	  C:008759H        LINE#              98
	  C:00875DH        LINE#              99
	  C:00875DH        LINE#              100
	  C:008767H        LINE#              101
	  C:008767H        LINE#              102
	  C:008772H        LINE#              104
	  C:008776H        LINE#              105
	  C:008779H        LINE#              107
	  C:008797H        LINE#              108
	  C:008797H        LINE#              109
	  C:0087A6H        LINE#              110
	  C:0087B1H        LINE#              111
	  C:0087B5H        LINE#              112
	  C:0087B8H        LINE#              114
	  C:0087D6H        LINE#              115
	  C:0087D6H        LINE#              116
	  C:0087E5H        LINE#              117
	  C:0087F0H        LINE#              118
	  C:0087F4H        LINE#              119
	  C:0087F6H        LINE#              121
	  C:00880EH        LINE#              122
	  C:008839H        LINE#              124
	  C:008839H        LINE#              126
	  C:00883DH        LINE#              127
	  C:00883FH        LINE#              98
	  C:00884CH        LINE#              130
	  C:008856H        LINE#              132
	  C:00885AH        LINE#              133
	----------         ENDPROC-ST7        
	----------         PROC-ST7           ?PR??GETINTEGERINPUT?HYPERTERMINAL
	  S:000011H        SYMBOL             num
	  S:000001H        SYMBOL             inputstr
	  C:00885BH        LINE#              143
	  C:00885EH        LINE#              146
	  C:00885EH        LINE#              147
	  C:00885EH        LINE#              148
	  C:008865H        LINE#              149
	  C:00886BH        LINE#              150
	  C:00887BH        LINE#              151
	  C:00887BH        LINE#              152
	  C:008881H        LINE#              153
	  C:008885H        LINE#              155
	  C:008893H        LINE#              156
	  C:008893H        LINE#              157
	  C:00889BH        LINE#              160
	  C:00889BH        LINE#              161
	  C:0088A3H        LINE#              164
	----------         ENDPROC-ST7        
	----------         PROC-ST7           ?PR??SERIALKEYPRESSED?HYPERTERMINAL
	  S:000003H        SYMBOL             key
	  S:000001H        SYMBOL             flag
	  C:0088A4H        LINE#              174
	  C:0088A6H        LINE#              178
	  C:0088AEH        LINE#              179
	  C:0088B5H        LINE#              180
	  C:0088B5H        LINE#              181
	  C:0088BBH        LINE#              182
	  C:0088BFH        LINE#              185
	  C:0088BFH        LINE#              186
	  C:0088C3H        LINE#              188
	----------         ENDPROC-ST7        
	----------         PROC-ST7           ?PR??GETKEY?HYPERTERMINAL
	  S:000001H        SYMBOL             key
	  C:0088C4H        LINE#              197
	  C:0088C5H        LINE#              199
	  C:0088C9H        LINE#              201
	  C:0088C9H        LINE#              202
	  C:0088C9H        LINE#              203
	  C:0088D7H        LINE#              205
	  C:0088DBH        LINE#              206
	----------         ENDPROC-ST7        
	----------         PROC-ST7           ?PR??SERIALPUTCHAR?HYPERTERMINAL
	  S:000001H        SYMBOL             c
	  C:008946H        LINE#              215
	  C:008947H        LINE#              217
	  C:00894CH        LINE#              218
	  C:008965H        LINE#              219
	----------         ENDPROC-ST7        
	----------         PROC-ST7           ?PR??SERIALPUTSTRING?HYPERTERMINAL
	  S:000001H        SYMBOL             s
	  C:008966H        LINE#              228
	  C:008967H        LINE#              230
	  C:00896CH        LINE#              231
	  C:00896CH        LINE#              232
	  C:008972H        LINE#              233
	  C:00897AH        LINE#              235
	----------         ENDPROC-ST7        
	----------         PROC-ST7           ?PR??GETINPUTSTRING?HYPERTERMINAL
	  S:000004H        SYMBOL             buffP
	  S:000001H        SYMBOL             bytes_read
	  S:000003H        SYMBOL             c
	  C:00897BH        LINE#              244
	  C:00897EH        LINE#              246
	  C:008983H        LINE#              247
	  C:008987H        LINE#              248
	  C:008987H        LINE#              249
	  C:008987H        LINE#              250
	  C:00898CH        LINE#              251
	  C:008992H        LINE#              252
	  C:008994H        LINE#              253
	  C:00899AH        LINE#              254
	  C:00899AH        LINE#              255
	  C:0089A1H        LINE#              256
	  C:0089A1H        LINE#              257
	  C:0089A7H        LINE#              258
	  C:0089ACH        LINE#              260
	  C:0089AEH        LINE#              262
	  C:0089B5H        LINE#              263
	  C:0089B5H        LINE#              264
	  C:0089BBH        LINE#              265
	  C:0089C0H        LINE#              266
	  C:0089C2H        LINE#              268
	  C:0089CEH        LINE#              269
	  C:0089CEH        LINE#              270
	  C:0089DAH        LINE#              271
	  C:0089E1H        LINE#              275
	  C:0089E7H        LINE#              276
	  C:0089F1H        LINE#              277
	----------         ENDPROC-ST7        
	----------         PROC-ST7           ?PR??MAIN_MENU?HYPERTERMINAL
	  S:000001H        SYMBOL             choice
	  S:00008DH        SYMBOL             bTreat
	  S:00008FH        SYMBOL             freq_error
	  S:000091H        SYMBOL             freq
	  S:000092H        SYMBOL             freq_choice
	  C:0089F2H        LINE#              287
	  C:0089F4H        LINE#              292
	  C:0089F9H        LINE#              295
	  C:0089F9H        LINE#              296
	  C:0089F9H        LINE#              298
	  C:0089FEH        LINE#              299
	  C:008A04H        LINE#              300
	  C:008A0AH        LINE#              301
	  C:008A10H        LINE#              302
	  C:008A16H        LINE#              303
	  C:008A1CH        LINE#              304
	  C:008A22H        LINE#              305
	  C:008A28H        LINE#              306
	  C:008A2EH        LINE#              307
	  C:008A34H        LINE#              308
	  C:008A3AH        LINE#              309
	  C:008A40H        LINE#              310
	  C:008A46H        LINE#              311
	  C:008A4DH        LINE#              313
	  C:008A5DH        LINE#              314
	  C:008A5DH        LINE#              315
	  C:008A62H        LINE#              317
	  C:008A68H        LINE#              318
	  C:008A73H        LINE#              321
	  C:008A83H        LINE#              322
	  C:008A83H        LINE#              323
	  C:008A88H        LINE#              325
	  C:008A8EH        LINE#              326
	  C:008A99H        LINE#              329
	  C:008AA9H        LINE#              330
	  C:008AA9H        LINE#              331
	  C:008AAEH        LINE#              333
	  C:008AB4H        LINE#              336
	  C:008AC7H        LINE#              337
	  C:008AC7H        LINE#              338
	  C:008ACCH        LINE#              339
	  C:008AD1H        LINE#              340
	  C:008AD7H        LINE#              341
	  C:008ADDH        LINE#              342
	  C:008AE3H        LINE#              343
	  C:008AE9H        LINE#              344
	  C:008AEFH        LINE#              345
	  C:008AF6H        LINE#              346
	  C:008B11H        LINE#              347
	  C:008B11H        LINE#              348
	  C:008B17H        LINE#              349
	  C:008B1DH        LINE#              350
	  C:008B23H        LINE#              351
	  C:008B30H        LINE#              353
	  C:008B34H        LINE#              354
	  C:008B34H        LINE#              355
	  C:008B3AH        LINE#              356
	  C:008B41H        LINE#              357
	  C:008B47H        LINE#              361
	  C:008B57H        LINE#              362
	  C:008B57H        LINE#              363
	  C:008B5CH        LINE#              364
	  C:008B62H        LINE#              367
	  C:008B66H        LINE#              368
	  C:008B66H        LINE#              369
	  C:008B71H        LINE#              372
	----------         ENDPROC-ST7        
	----------         EndModule-ST7      
	----------         TranslatorMod-ST7  MAIN
	  C:008B72H        PUBLIC             main
	  C:008BD5H        PUBLIC             ?LSIMeasurment
	  C:008B72H        SYMBOL             main
	  C:008BD5H        SYMBOL             ?LSIMeasurment
	  T:000000H        SYMBOL             pFunction
	  T:000000H        SYMBOL             va_list
	  T:000000H        SYMBOL             size_t
	  T:000000H        SYMBOL             _fctptr_t
	  T:000000H        SYMBOL             UART2_IT_TypeDef
	  T:000000H        SYMBOL             UART2_Flag_TypeDef
	  T:000000H        SYMBOL             UART2_Mode_TypeDef
	  T:000000H        SYMBOL             UART2_WordLength_TypeDef
	  T:000000H        SYMBOL             UART2_SyncMode_TypeDef
	  T:000000H        SYMBOL             UART2_LinDivUp_TypeDef
	  T:000000H        SYMBOL             UART2_LinAutosync_TypeDef
	  T:000000H        SYMBOL             UART2_LinMode_TypeDef
	  T:000000H        SYMBOL             UART2_Parity_TypeDef
	  T:000000H        SYMBOL             UART2_StopBits_TypeDef
	  T:000000H        SYMBOL             UART2_LINBreakDetectionLength_TypeDef
	  T:000000H        SYMBOL             UART2_WakeUp_TypeDef
	  T:000000H        SYMBOL             UART2_IrDAMode_TypeDef
	  T:000000H        SYMBOL             TIM3_FLAG_TypeDef
	  T:000000H        SYMBOL             TIM3_UpdateSource_TypeDef
	  T:000000H        SYMBOL             TIM3_EventSource_TypeDef
	  T:000000H        SYMBOL             TIM3_PSCReloadMode_TypeDef
	  T:000000H        SYMBOL             TIM3_IT_TypeDef
	  T:000000H        SYMBOL             TIM3_ICPSC_TypeDef
	  T:000000H        SYMBOL             TIM3_ICSelection_TypeDef
	  T:000000H        SYMBOL             TIM3_ICPolarity_TypeDef
	  T:000000H        SYMBOL             TIM3_OutputState_TypeDef
	  T:000000H        SYMBOL             TIM3_OCPolarity_TypeDef
	  T:000000H        SYMBOL             TIM3_Channel_TypeDef
	  T:000000H        SYMBOL             TIM3_OPMode_TypeDef
	  T:000000H        SYMBOL             TIM3_OCMode_TypeDef
	  T:000000H        SYMBOL             TIM3_Prescaler_TypeDef
	  T:000000H        SYMBOL             TIM3_ForcedAction_TypeDef
	  T:000000H        SYMBOL             GPIO_Pin_TypeDef
	  T:000000H        SYMBOL             GPIO_Mode_TypeDef
	  T:000000H        SYMBOL             CLK_CANDivider_TypeDef
	  T:000000H        SYMBOL             CLK_SWIMDivider_TypeDef
	  T:000000H        SYMBOL             CLK_Prescaler_TypeDef
	  T:000000H        SYMBOL             CLK_IT_TypeDef
	  T:000000H        SYMBOL             CLK_Flag_TypeDef
	  T:000000H        SYMBOL             CLK_Peripheral_TypeDef
	  T:000000H        SYMBOL             CLK_Output_TypeDef
	  T:000000H        SYMBOL             CLK_HSITrimValue_TypeDef
	  T:000000H        SYMBOL             CLK_Source_TypeDef
	  T:000000H        SYMBOL             CLK_CSSConfig_TypeDef
	  T:000000H        SYMBOL             CLK_CurrentClockState_TypeDef
	  T:000000H        SYMBOL             CLK_SwitchMode_TypeDef
	  T:000000H        SYMBOL             BEEP_Frequency_TypeDef
	  T:000000H        SYMBOL             CFG_TypeDef
	  T:000000H        SYMBOL             CAN_TypeDef
	  T:000000H        SYMBOL             UART3_TypeDef
	  T:000000H        SYMBOL             UART2_TypeDef
	  T:000000H        SYMBOL             UART1_TypeDef
	  T:000000H        SYMBOL             SWIM_TypeDef
	  T:000000H        SYMBOL             SPI_TypeDef
	  T:000000H        SYMBOL             RST_TypeDef
	  T:000000H        SYMBOL             WWDG_TypeDef
	  T:000000H        SYMBOL             IWDG_TypeDef
	  T:000000H        SYMBOL             OPT_TypeDef
	  T:000000H        SYMBOL             FLASH_TypeDef
	  T:000000H        SYMBOL             EXTI_TypeDef
	  T:000000H        SYMBOL             ITC_TypeDef
	  T:000000H        SYMBOL             I2C_TypeDef
	  T:000000H        SYMBOL             TIM6_TypeDef
	  T:000000H        SYMBOL             TIM5_TypeDef
	  T:000000H        SYMBOL             TIM4_TypeDef
	  T:000000H        SYMBOL             TIM3_TypeDef
	  T:000000H        SYMBOL             TIM2_TypeDef
	  T:000000H        SYMBOL             TIM1_TypeDef
	  T:000000H        SYMBOL             CLK_TypeDef
	  T:000000H        SYMBOL             BEEP_TypeDef
	  T:000000H        SYMBOL             AWU_TypeDef
	  T:000000H        SYMBOL             ADC1_TypeDef
	  T:000000H        SYMBOL             GPIO_TypeDef
	  T:000000H        SYMBOL             ErrorStatus
	  T:000000H        SYMBOL             FunctionalState
	  T:000000H        SYMBOL             BitStatus
	  T:000000H        SYMBOL             ITStatus
	  T:000000H        SYMBOL             FlagStatus
	  T:000000H        SYMBOL             bool
	  T:000000H        SYMBOL             vuc8
	  T:000000H        SYMBOL             vuc16
	  T:000000H        SYMBOL             vuc32
	  T:000000H        SYMBOL             vu8
	  T:000000H        SYMBOL             vu16
	  T:000000H        SYMBOL             vu32
	  T:000000H        SYMBOL             uc8
	  T:000000H        SYMBOL             uc16
	  T:000000H        SYMBOL             uc32
	  T:000000H        SYMBOL             u8
	  T:000000H        SYMBOL             u16
	  T:000000H        SYMBOL             u32
	  T:000000H        SYMBOL             vsc8
	  T:000000H        SYMBOL             vsc16
	  T:000000H        SYMBOL             vsc32
	  T:000000H        SYMBOL             vs8
	  T:000000H        SYMBOL             vs16
	  T:000000H        SYMBOL             vs32
	  T:000000H        SYMBOL             sc8
	  T:000000H        SYMBOL             sc16
	  T:000000H        SYMBOL             sc32
	  T:000000H        SYMBOL             s8
	  T:000000H        SYMBOL             s16
	  T:000000H        SYMBOL             s32
	  N:000FFEH        SYMBOL             _ICE_DUMMY_
	----------         PROC-ST7           ?PR?MAIN?MAIN
	  C:008B72H        LINE#              41
	  C:008B72H        LINE#              43
	  C:008B75H        LINE#              45
	  C:008B80H        LINE#              46
	  C:008B8BH        LINE#              49
	  C:008B8CH        LINE#              52
	  C:008B9CH        LINE#              55
	  C:008BA2H        LINE#              67
	  C:008BA5H        LINE#              68
	  C:008BC4H        LINE#              71
	  C:008BCFH        LINE#              74
	  C:008BCFH        LINE#              75
	  C:008BD4H        LINE#              77
	----------         ENDPROC-ST7        
	----------         PROC-ST7           ?PR??LSIMEASURMENT?MAIN
	  S:000001H        SYMBOL             lsi_freq_hz
	  S:000005H        SYMBOL             fmaster
	  S:000009H        SYMBOL             ICValue1
	  S:00000BH        SYMBOL             ICValue2
	  C:008BD5H        LINE#              80
	  C:008BD7H        LINE#              83
	  C:008BDCH        LINE#              84
	  C:008BE1H        LINE#              85
	  C:008BE6H        LINE#              86
	  C:008BEBH        LINE#              89
	  C:008BF3H        LINE#              92
	  C:008BFFH        LINE#              126
	  C:008C15H        LINE#              129
	  C:008C1BH        LINE#              132
	  C:008C2EH        LINE#              134
	  C:008C33H        LINE#              135
	  C:008C39H        LINE#              138
	  C:008C4CH        LINE#              140
	  C:008C51H        LINE#              141
	  C:008C57H        LINE#              144
	  C:008C63H        LINE#              146
	  C:008C69H        LINE#              150
	  C:008C87H        LINE#              153
	  C:008C93H        LINE#              155
	  C:008C99H        LINE#              156
	----------         ENDPROC-ST7        
	----------         EndModule-ST7      
	----------         TranslatorMod-ST7  STM8S_IT
	  C:008339H        PUBLIC             ?EEPROM_EEC_IRQHandler
	  C:008338H        PUBLIC             ?TIM4_UPD_OVF_IRQHandler
	  C:008337H        PUBLIC             ?ADC1_IRQHandler
	  C:008336H        PUBLIC             ?UART2_RX_IRQHandler
	  C:008335H        PUBLIC             ?UART2_TX_IRQHandler
	  C:008334H        PUBLIC             ?I2C_IRQHandler
	  C:008333H        PUBLIC             ?TIM3_CAP_COM_IRQHandler
	  C:0082F8H        PUBLIC             ?TIM3_UPD_OVF_BRK_IRQHandler
	  C:008052H        PUBLIC             ?TIM2_CAP_COM_IRQHandler
	  C:008051H        PUBLIC             ?TIM2_UPD_OVF_BRK_IRQHandler
	  C:008050H        PUBLIC             ?TIM1_CAP_COM_IRQHandler
	  C:00804FH        PUBLIC             ?TIM1_UPD_OVF_TRG_BRK_IRQHandler
	  C:00804EH        PUBLIC             ?SPI_IRQHandler
	  C:00804DH        PUBLIC             ?EXTI_PORTE_IRQHandler
	  C:00804CH        PUBLIC             ?EXTI_PORTD_IRQHandler
	  C:00802EH        PUBLIC             ?EXTI_PORTC_IRQHandler
	  C:00802DH        PUBLIC             ?EXTI_PORTB_IRQHandler
	  C:00802CH        PUBLIC             ?EXTI_PORTA_IRQHandler
	  C:00802BH        PUBLIC             ?CLK_IRQHandler
	  C:00802AH        PUBLIC             ?AWU_IRQHandler
	  C:008029H        PUBLIC             ?TLI_IRQHandler
	  C:008028H        PUBLIC             ?TRAP_IRQHandler
	  D:000036H        PUBLIC             nbintr
	  D:000034H        PUBLIC             RxCounter
	  D:000033H        PUBLIC             TxCounter
	  D:000020H        PUBLIC             NbrOfDataToRead
	  D:000032H        PUBLIC             NbrOfDataToTransfer
	  D:000000H        PUBLIC             RxBuffer
	  D:000031H        PUBLIC             TxBuffer
	  C:008339H        SYMBOL             ?EEPROM_EEC_IRQHandler
	  C:008338H        SYMBOL             ?TIM4_UPD_OVF_IRQHandler
	  C:008337H        SYMBOL             ?ADC1_IRQHandler
	  C:008336H        SYMBOL             ?UART2_RX_IRQHandler
	  C:008335H        SYMBOL             ?UART2_TX_IRQHandler
	  C:008334H        SYMBOL             ?I2C_IRQHandler
	  C:008333H        SYMBOL             ?TIM3_CAP_COM_IRQHandler
	  C:0082F8H        SYMBOL             ?TIM3_UPD_OVF_BRK_IRQHandler
	  C:008052H        SYMBOL             ?TIM2_CAP_COM_IRQHandler
	  C:008051H        SYMBOL             ?TIM2_UPD_OVF_BRK_IRQHandler
	  C:008050H        SYMBOL             ?TIM1_CAP_COM_IRQHandler
	  C:00804FH        SYMBOL             ?TIM1_UPD_OVF_TRG_BRK_IRQHandler
	  C:00804EH        SYMBOL             ?SPI_IRQHandler
	  C:00804DH        SYMBOL             ?EXTI_PORTE_IRQHandler
	  C:00804CH        SYMBOL             ?EXTI_PORTD_IRQHandler
	  C:00802EH        SYMBOL             ?EXTI_PORTC_IRQHandler
	  C:00802DH        SYMBOL             ?EXTI_PORTB_IRQHandler
	  C:00802CH        SYMBOL             ?EXTI_PORTA_IRQHandler
	  C:00802BH        SYMBOL             ?CLK_IRQHandler
	  C:00802AH        SYMBOL             ?AWU_IRQHandler
	  C:008029H        SYMBOL             ?TLI_IRQHandler
	  C:008028H        SYMBOL             ?TRAP_IRQHandler
	  D:000036H        SYMBOL             nbintr
	  D:000034H        SYMBOL             RxCounter
	  D:000033H        SYMBOL             TxCounter
	  D:000020H        SYMBOL             NbrOfDataToRead
	  D:000032H        SYMBOL             NbrOfDataToTransfer
	  D:000000H        SYMBOL             RxBuffer
	  D:000031H        SYMBOL             TxBuffer
	  T:000000H        SYMBOL             _fctptr_t
	  T:000000H        SYMBOL             UART2_IT_TypeDef
	  T:000000H        SYMBOL             UART2_Flag_TypeDef
	  T:000000H        SYMBOL             UART2_Mode_TypeDef
	  T:000000H        SYMBOL             UART2_WordLength_TypeDef
	  T:000000H        SYMBOL             UART2_SyncMode_TypeDef
	  T:000000H        SYMBOL             UART2_LinDivUp_TypeDef
	  T:000000H        SYMBOL             UART2_LinAutosync_TypeDef
	  T:000000H        SYMBOL             UART2_LinMode_TypeDef
	  T:000000H        SYMBOL             UART2_Parity_TypeDef
	  T:000000H        SYMBOL             UART2_StopBits_TypeDef
	  T:000000H        SYMBOL             UART2_LINBreakDetectionLength_TypeDef
	  T:000000H        SYMBOL             UART2_WakeUp_TypeDef
	  T:000000H        SYMBOL             UART2_IrDAMode_TypeDef
	  T:000000H        SYMBOL             TIM3_FLAG_TypeDef
	  T:000000H        SYMBOL             TIM3_UpdateSource_TypeDef
	  T:000000H        SYMBOL             TIM3_EventSource_TypeDef
	  T:000000H        SYMBOL             TIM3_PSCReloadMode_TypeDef
	  T:000000H        SYMBOL             TIM3_IT_TypeDef
	  T:000000H        SYMBOL             TIM3_ICPSC_TypeDef
	  T:000000H        SYMBOL             TIM3_ICSelection_TypeDef
	  T:000000H        SYMBOL             TIM3_ICPolarity_TypeDef
	  T:000000H        SYMBOL             TIM3_OutputState_TypeDef
	  T:000000H        SYMBOL             TIM3_OCPolarity_TypeDef
	  T:000000H        SYMBOL             TIM3_Channel_TypeDef
	  T:000000H        SYMBOL             TIM3_OPMode_TypeDef
	  T:000000H        SYMBOL             TIM3_OCMode_TypeDef
	  T:000000H        SYMBOL             TIM3_Prescaler_TypeDef
	  T:000000H        SYMBOL             TIM3_ForcedAction_TypeDef
	  T:000000H        SYMBOL             GPIO_Pin_TypeDef
	  T:000000H        SYMBOL             GPIO_Mode_TypeDef
	  T:000000H        SYMBOL             CLK_CANDivider_TypeDef
	  T:000000H        SYMBOL             CLK_SWIMDivider_TypeDef
	  T:000000H        SYMBOL             CLK_Prescaler_TypeDef
	  T:000000H        SYMBOL             CLK_IT_TypeDef
	  T:000000H        SYMBOL             CLK_Flag_TypeDef
	  T:000000H        SYMBOL             CLK_Peripheral_TypeDef
	  T:000000H        SYMBOL             CLK_Output_TypeDef
	  T:000000H        SYMBOL             CLK_HSITrimValue_TypeDef
	  T:000000H        SYMBOL             CLK_Source_TypeDef
	  T:000000H        SYMBOL             CLK_CSSConfig_TypeDef
	  T:000000H        SYMBOL             CLK_CurrentClockState_TypeDef
	  T:000000H        SYMBOL             CLK_SwitchMode_TypeDef
	  T:000000H        SYMBOL             BEEP_Frequency_TypeDef
	  T:000000H        SYMBOL             CFG_TypeDef
	  T:000000H        SYMBOL             CAN_TypeDef
	  T:000000H        SYMBOL             UART3_TypeDef
	  T:000000H        SYMBOL             UART2_TypeDef
	  T:000000H        SYMBOL             UART1_TypeDef
	  T:000000H        SYMBOL             SWIM_TypeDef
	  T:000000H        SYMBOL             SPI_TypeDef
	  T:000000H        SYMBOL             RST_TypeDef
	  T:000000H        SYMBOL             WWDG_TypeDef
	  T:000000H        SYMBOL             IWDG_TypeDef
	  T:000000H        SYMBOL             OPT_TypeDef
	  T:000000H        SYMBOL             FLASH_TypeDef
	  T:000000H        SYMBOL             EXTI_TypeDef
	  T:000000H        SYMBOL             ITC_TypeDef
	  T:000000H        SYMBOL             I2C_TypeDef
	  T:000000H        SYMBOL             TIM6_TypeDef
	  T:000000H        SYMBOL             TIM5_TypeDef
	  T:000000H        SYMBOL             TIM4_TypeDef
	  T:000000H        SYMBOL             TIM3_TypeDef
	  T:000000H        SYMBOL             TIM2_TypeDef
	  T:000000H        SYMBOL             TIM1_TypeDef
	  T:000000H        SYMBOL             CLK_TypeDef
	  T:000000H        SYMBOL             BEEP_TypeDef
	  T:000000H        SYMBOL             AWU_TypeDef
	  T:000000H        SYMBOL             ADC1_TypeDef
	  T:000000H        SYMBOL             GPIO_TypeDef
	  T:000000H        SYMBOL             ErrorStatus
	  T:000000H        SYMBOL             FunctionalState
	  T:000000H        SYMBOL             BitStatus
	  T:000000H        SYMBOL             ITStatus
	  T:000000H        SYMBOL             FlagStatus
	  T:000000H        SYMBOL             bool
	  T:000000H        SYMBOL             vuc8
	  T:000000H        SYMBOL             vuc16
	  T:000000H        SYMBOL             vuc32
	  T:000000H        SYMBOL             vu8
	  T:000000H        SYMBOL             vu16
	  T:000000H        SYMBOL             vu32
	  T:000000H        SYMBOL             uc8
	  T:000000H        SYMBOL             uc16
	  T:000000H        SYMBOL             uc32
	  T:000000H        SYMBOL             u8
	  T:000000H        SYMBOL             u16
	  T:000000H        SYMBOL             u32
	  T:000000H        SYMBOL             vsc8
	  T:000000H        SYMBOL             vsc16
	  T:000000H        SYMBOL             vsc32
	  T:000000H        SYMBOL             vs8
	  T:000000H        SYMBOL             vs16
	  T:000000H        SYMBOL             vs32
	  T:000000H        SYMBOL             sc8
	  T:000000H        SYMBOL             sc16
	  T:000000H        SYMBOL             sc32
	  T:000000H        SYMBOL             s8
	  T:000000H        SYMBOL             s16
	  T:000000H        SYMBOL             s32
	  N:000FFEH        SYMBOL             _ICE_DUMMY_
	----------         PROC-ST7           ?PR??TRAP_IRQHANDLER?STM8S_IT
	  C:008028H        LINE#              88
	  C:008028H        LINE#              93
	----------         ENDPROC-ST7        
	----------         PROC-ST7           ?PR??TLI_IRQHANDLER?STM8S_IT
	  C:008029H        LINE#              106
	  C:008029H        LINE#              112
	----------         ENDPROC-ST7        
	----------         PROC-ST7           ?PR??AWU_IRQHANDLER?STM8S_IT
	  C:00802AH        LINE#              124
	  C:00802AH        LINE#              130
	----------         ENDPROC-ST7        
	----------         PROC-ST7           ?PR??CLK_IRQHANDLER?STM8S_IT
	  C:00802BH        LINE#              142
	  C:00802BH        LINE#              148
	----------         ENDPROC-ST7        
	----------         PROC-ST7           ?PR??EXTI_PORTA_IRQHANDLER?STM8S_IT
	  C:00802CH        LINE#              160
	  C:00802CH        LINE#              166
	----------         ENDPROC-ST7        
	----------         PROC-ST7           ?PR??EXTI_PORTB_IRQHANDLER?STM8S_IT
	  C:00802DH        LINE#              178
[...]
	  C:00B3ECH        LINE#              414
	----------         ENDPROC-ST7        
	----------         PROC-ST7           ?PR??UART2_SMARTCARDNACKCMD?STM8S_UART2
	  S:000001H        SYMBOL             NewState
	  C:00B3EDH        LINE#              425
	  C:00B3EEH        LINE#              427
	  C:00B3EEH        LINE#              429
	  C:00B3F2H        LINE#              430
	  C:00B3F2H        LINE#              432
	  C:00B400H        LINE#              435
	  C:00B400H        LINE#              437
	  C:00B40DH        LINE#              439
	----------         ENDPROC-ST7        
	----------         PROC-ST7           ?PR??UART2_WAKEUPCONFIG?STM8S_UART2
	  S:000001H        SYMBOL             UART2_WakeUp
	  C:00B40EH        LINE#              448
	  C:00B40FH        LINE#              450
	  C:00B40FH        LINE#              452
	  C:00B41BH        LINE#              453
	  C:00B428H        LINE#              454
	----------         ENDPROC-ST7        
	----------         PROC-ST7           ?PR??UART2_RECEIVERWAKEUPCMD?STM8S_UART2
	  S:000001H        SYMBOL             NewState
	  C:00B429H        LINE#              466
	  C:00B42AH        LINE#              468
	  C:00B42AH        LINE#              470
	  C:00B42EH        LINE#              471
	  C:00B42EH        LINE#              473
	  C:00B43CH        LINE#              476
	  C:00B43CH        LINE#              478
	  C:00B449H        LINE#              480
	----------         ENDPROC-ST7        
	----------         PROC-ST7           ?PR??UART2_RECEIVEDATA8?STM8S_UART2
	  C:00B44AH        LINE#              491
	  C:00B44AH        LINE#              493
	  C:00B44DH        LINE#              494
	----------         ENDPROC-ST7        
	----------         PROC-ST7           ?PR??UART2_RECEIVEDATA9?STM8S_UART2
	  C:00B44EH        LINE#              504
	  C:00B44EH        LINE#              506
	  C:00B47FH        LINE#              507
	----------         ENDPROC-ST7        
	----------         PROC-ST7           ?PR??UART2_SENDDATA8?STM8S_UART2
	  S:000001H        SYMBOL             Data
	  C:00B480H        LINE#              520
	  C:00B481H        LINE#              523
	  C:00B487H        LINE#              524
	----------         ENDPROC-ST7        
	----------         PROC-ST7           ?PR??UART2_SENDDATA9?STM8S_UART2
	  S:000001H        SYMBOL             Data
	  C:00B488H        LINE#              535
	  C:00B489H        LINE#              537
	  C:00B495H        LINE#              538
	  C:00B4B4H        LINE#              539
	  C:00B4BAH        LINE#              541
	----------         ENDPROC-ST7        
	----------         PROC-ST7           ?PR??UART2_SENDBREAK?STM8S_UART2
	  C:00B4EEH        LINE#              548
	  C:00B4EEH        LINE#              550
	  C:00B4FAH        LINE#              551
	----------         ENDPROC-ST7        
	----------         PROC-ST7           ?PR??UART2_SETADDRESS?STM8S_UART2
	  S:000001H        SYMBOL             UART2_Address
	  C:00B4FBH        LINE#              560
	  C:00B4FCH        LINE#              563
	  C:00B4FCH        LINE#              566
	  C:00B508H        LINE#              568
	  C:00B515H        LINE#              569
	----------         ENDPROC-ST7        
	----------         PROC-ST7           ?PR??UART2_SETGUARDTIME?STM8S_UART2
	  S:000001H        SYMBOL             UART2_GuardTime
	  C:00B516H        LINE#              580
	  C:00B517H        LINE#              583
	  C:00B51DH        LINE#              584
	----------         ENDPROC-ST7        
	----------         PROC-ST7           ?PR??UART2_SETPRESCALER?STM8S_UART2
	  S:000001H        SYMBOL             UART2_Prescaler
	  C:00B51EH        LINE#              610
	  C:00B51FH        LINE#              613
	  C:00B525H        LINE#              614
	----------         ENDPROC-ST7        
	----------         PROC-ST7           ?PR??UART2_GETFLAGSTATUS?STM8S_UART2
	  S:000003H        SYMBOL             UART2_FLAG
	  S:000001H        SYMBOL             status
	  C:00B526H        LINE#              625
	  C:00B528H        LINE#              627
	  C:00B52DH        LINE#              630
	  C:00B52DH        LINE#              633
	  C:00B534H        LINE#              634
	  C:00B534H        LINE#              635
	  C:00B555H        LINE#              636
	  C:00B555H        LINE#              638
	  C:00B55CH        LINE#              641
	  C:00B55CH        LINE#              643
	  C:00B564H        LINE#              646
	  C:00B56BH        LINE#              647
	  C:00B56BH        LINE#              648
	  C:00B58CH        LINE#              649
	  C:00B58CH        LINE#              651
	  C:00B593H        LINE#              654
	  C:00B593H        LINE#              656
	  C:00B59AH        LINE#              659
	  C:00B5A8H        LINE#              660
	  C:00B5A8H        LINE#              661
	  C:00B5C9H        LINE#              662
	  C:00B5C9H        LINE#              664
	  C:00B5D0H        LINE#              667
	  C:00B5D0H        LINE#              669
	  C:00B5D7H        LINE#              673
	  C:00B5D7H        LINE#              674
	  C:00B5F8H        LINE#              675
	  C:00B5F8H        LINE#              677
	  C:00B5FFH        LINE#              680
	  C:00B5FFH        LINE#              682
	  C:00B604H        LINE#              687
	  C:00B608H        LINE#              688
	----------         ENDPROC-ST7        
	----------         PROC-ST7           ?PR??UART2_CLEARFLAG?STM8S_UART2
	  S:000001H        SYMBOL             UART2_FLAG
	  C:00B609H        LINE#              715
	  C:00B60AH        LINE#              717
	  C:00B60AH        LINE#              720
	  C:00B611H        LINE#              721
	  C:00B611H        LINE#              722
	  C:00B617H        LINE#              725
	  C:00B61EH        LINE#              726
	  C:00B61EH        LINE#              727
	  C:00B62CH        LINE#              730
	  C:00B633H        LINE#              731
	  C:00B633H        LINE#              732
	  C:00B641H        LINE#              736
	  C:00B641H        LINE#              737
	  C:00B64EH        LINE#              740
	----------         ENDPROC-ST7        
	----------         PROC-ST7           ?PR??UART2_GETITSTATUS?STM8S_UART2
	  S:000007H        SYMBOL             UART2_IT
	  S:000001H        SYMBOL             pendingbitstatus
	  S:000003H        SYMBOL             itpos
	  S:000004H        SYMBOL             itmask1
	  S:000005H        SYMBOL             itmask2
	  S:000006H        SYMBOL             enablestatus
	  C:00B64FH        LINE#              758
	  C:00B652H        LINE#              760
	  C:00B657H        LINE#              761
	  C:00B65BH        LINE#              762
	  C:00B65FH        LINE#              763
	  C:00B663H        LINE#              764
	  C:00B667H        LINE#              767
	  C:00B667H        LINE#              770
	  C:00B68BH        LINE#              772
	  C:00B696H        LINE#              774
	  C:00B6AAH        LINE#              779
	  C:00B6B1H        LINE#              780
	  C:00B6B1H        LINE#              782
	  C:00B6D2H        LINE#              785
	  C:00B6F7H        LINE#              786
	  C:00B6F7H        LINE#              788
	  C:00B6FEH        LINE#              791
	  C:00B6FEH        LINE#              793
	  C:00B706H        LINE#              797
	  C:00B70DH        LINE#              798
	  C:00B70DH        LINE#              800
	  C:00B72EH        LINE#              802
	  C:00B753H        LINE#              803
	  C:00B753H        LINE#              805
	  C:00B75AH        LINE#              808
	  C:00B75AH        LINE#              810
	  C:00B762H        LINE#              813
	  C:00B769H        LINE#              814
	  C:00B769H        LINE#              816
	  C:00B78AH        LINE#              818
	  C:00B7AFH        LINE#              819
	  C:00B7AFH        LINE#              821
	  C:00B7B6H        LINE#              824
	  C:00B7B6H        LINE#              826
	  C:00B7BDH        LINE#              830
	  C:00B7BDH        LINE#              832
	  C:00B7DEH        LINE#              834
	  C:00B803H        LINE#              835
	  C:00B803H        LINE#              837
	  C:00B80AH        LINE#              840
	  C:00B80AH        LINE#              842
	  C:00B80FH        LINE#              846
	  C:00B813H        LINE#              847
	----------         ENDPROC-ST7        
	----------         PROC-ST7           ?PR??UART2_CLEARITPENDINGBIT?STM8S_UART2
	  S:000001H        SYMBOL             UART2_IT
	  C:00B814H        LINE#              873
	  C:00B815H        LINE#              875
	  C:00B815H        LINE#              878
	  C:00B81CH        LINE#              879
	  C:00B81CH        LINE#              880
	  C:00B822H        LINE#              883
	  C:00B829H        LINE#              884
	  C:00B829H        LINE#              885
	  C:00B837H        LINE#              889
	  C:00B837H        LINE#              890
	  C:00B844H        LINE#              892
	----------         ENDPROC-ST7        
	----------         EndModule-ST7      
	----------         TranslatorMod-ST7  CHARTOL
	  C:008342H        PUBLIC             ?C?uchartol
	  C:00833AH        PUBLIC             ?C?chartol
	----------         PROC-ST7           
	----------         ENDPROC-ST7        
	----------         EndModule-ST7      
	----------         TranslatorMod-ST7  INTTOL
	  C:00834CH        PUBLIC             ?C?inttol
	----------         PROC-ST7           
	----------         ENDPROC-ST7        
	----------         EndModule-ST7      
	----------         TranslatorMod-ST7  ADD3232
	  C:008356H        PUBLIC             ?C?add3232
	----------         PROC-ST7           
	----------         ENDPROC-ST7        
	----------         EndModule-ST7      
	----------         TranslatorMod-ST7  AND3232
	  C:00836BH        PUBLIC             ?C?and3232
	----------         PROC-ST7           
	----------         ENDPROC-ST7        
	----------         EndModule-ST7      
	----------         TranslatorMod-ST7  DIVS1616
	  C:008381H        PUBLIC             ?C?divs1616
	----------         PROC-ST7           
	----------         ENDPROC-ST7        
	----------         EndModule-ST7      
	----------         TranslatorMod-ST7  DIVU3232
	  C:0084E6H        PUBLIC             ?C?modu3232
	  C:0084F1H        PUBLIC             _?divu3216?
	  C:0084EAH        PUBLIC             ?C?divu3232
	----------         PROC-ST7           
	----------         ENDPROC-ST7        
	----------         EndModule-ST7      
	----------         TranslatorMod-ST7  DIVUIX32
	  C:0088DCH        PUBLIC             ?C?divuix32
	----------         PROC-ST7           
	----------         ENDPROC-ST7        
	----------         EndModule-ST7      
	----------         TranslatorMod-ST7  MULUIX32
	  C:0088E2H        PUBLIC             ?C?muluix32
	----------         PROC-ST7           
	----------         ENDPROC-ST7        
	----------         EndModule-ST7      
	----------         TranslatorMod-ST7  IX32
	  C:0088E8H        PUBLIC             _?lix_entry?
	----------         PROC-ST7           
	----------         ENDPROC-ST7        
	----------         EndModule-ST7      
	----------         TranslatorMod-ST7  MULU1616
	  C:00839AH        PUBLIC             ?C?mulu1616
	----------         PROC-ST7           
	----------         ENDPROC-ST7        
	----------         EndModule-ST7      
	----------         TranslatorMod-ST7  MULU3232
	  C:0083B5H        PUBLIC             ?C?mulu3232
	----------         PROC-ST7           
	----------         ENDPROC-ST7        
	----------         EndModule-ST7      
	----------         TranslatorMod-ST7  MV4_BC2ISA
	  C:008442H        PUBLIC             ?C?mv4_bc2isa
	----------         PROC-ST7           
	----------         ENDPROC-ST7        
	----------         EndModule-ST7      
	----------         TranslatorMod-ST7  MV4_BC2SK
	  C:00845AH        PUBLIC             ?C?mv4_bc2sk
	----------         PROC-ST7           
	----------         ENDPROC-ST7        
	----------         EndModule-ST7      
	----------         TranslatorMod-ST7  MV4_ISA2BC
	  C:00846BH        PUBLIC             ?C?mv4_isa2bc
	----------         PROC-ST7           
	----------         ENDPROC-ST7        
	----------         EndModule-ST7      
	----------         TranslatorMod-ST7  MV4_PG2BC
	  C:008482H        PUBLIC             ?C?mv4_pg2bc
	----------         PROC-ST7           
	----------         ENDPROC-ST7        
	----------         EndModule-ST7      
	----------         TranslatorMod-ST7  MV4_PG2SK1
	  C:008494H        PUBLIC             ?C?mv4_pg2sk1
	----------         PROC-ST7           
	----------         ENDPROC-ST7        
	----------         EndModule-ST7      
	----------         TranslatorMod-ST7  SLL168
	  C:0088F4H        PUBLIC             ?C?sll168
	----------         PROC-ST7           
	----------         ENDPROC-ST7        
	----------         EndModule-ST7      
	----------         TranslatorMod-ST7  SLL328
	  C:008903H        PUBLIC             ?C?sll328
	----------         PROC-ST7           
	----------         ENDPROC-ST7        
	----------         EndModule-ST7      
	----------         TranslatorMod-ST7  SRA168
	  C:00891DH        PUBLIC             ?C?sra168
	----------         PROC-ST7           
	----------         ENDPROC-ST7        
	----------         EndModule-ST7      
	----------         TranslatorMod-ST7  SUB3232
	  C:00849DH        PUBLIC             ?C?sub3232
	----------         PROC-ST7           
	----------         ENDPROC-ST7        
	----------         EndModule-ST7      
	----------         TranslatorMod-ST7  SRL328
	  C:00892CH        PUBLIC             ?C?srl328
	----------         PROC-ST7           
	----------         ENDPROC-ST7        
	----------         EndModule-ST7      
	----------         TranslatorMod-ST7  SWAPSKBC
	  C:0084B4H        PUBLIC             ?C?swap_skbc
	----------         PROC-ST7           
	----------         ENDPROC-ST7        
	----------         EndModule-ST7      
	----------         TranslatorMod-ST7  REGISTERS
	  D:00002DH        PUBLIC             ?BH
	  D:00002FH        PUBLIC             ?CH
	  D:00002EH        PUBLIC             ?BL
	  D:000030H        PUBLIC             ?CL
	----------         EndModule-ST7      
	----------         TranslatorMod-ST7  STARTUP_V_Z
	  C:00B4BBH        PUBLIC             CST7_START_V_Z
	----------         PROC-ST7           
	----------         ENDPROC-ST7        
	----------         PROC-ST7           
	----------         ENDPROC-ST7        
	----------         PROC-ST7           
	----------         ENDPROC-ST7        
	----------         PROC-ST7           
	----------         ENDPROC-ST7        
	----------         EndModule-ST7      
	----------         TranslatorMod-ST7  STRCMP
	  C:0084D3H        PUBLIC             ?strcmp
	----------         PROC-ST7           
	----------         ENDPROC-ST7        
	----------         EndModule-ST7      
	----------         TranslatorMod-ST7  ?STATINIT
	  C:00B845H        PUBLIC             ?C_INITSEGSTART
	----------         PROC-ST7           
	----------         ENDPROC-ST7        
	----------         EndModule-ST7      

================================================================================
PROJECT CALL TREE FOR DEBUG\HYPERTERMINAL.AOF(HYPERTERMINAL)
--------------------------------------------------------------------------------
 *** means CALL
 ... means JMP
  KC means 'Known local stack consumption'.
  TO means 'Total stack consumption from the entry point'.
 Remarks:
     1. Values are in HEXADECIMAL format.
     2. SP can be modified by temporary 'PUSH-POP' sequences.
     3. SP is computed starting from its 'original value' for interrupt/trap..
 Displayed stack consumption may be under estimated.
 The real value depends on interrupt priorities. It can be checked
 using the dynamic analysis in the simulator environment.
--------------------------------------------------------------------------------
Initial SP: 07FF
--------------------------------------------------------------------------------
?TRAP_IRQHandler..........................................SP=07F8 KC=000 TO=0007
--------------------------------------------------------------------------------
?AWU_IRQHandler...........................................SP=07F8 KC=000 TO=0007
--------------------------------------------------------------------------------
?CLK_IRQHandler...........................................SP=07F8 KC=000 TO=0007
--------------------------------------------------------------------------------
?EXTI_PORTA_IRQHandler....................................SP=07F8 KC=000 TO=0007
--------------------------------------------------------------------------------
?EXTI_PORTB_IRQHandler....................................SP=07F8 KC=000 TO=0007
--------------------------------------------------------------------------------
?EXTI_PORTC_IRQHandler....................................SP=07F8 KC=000 TO=0007
--------------------------------------------------------------------------------
?EXTI_PORTD_IRQHandler....................................SP=07F8 KC=000 TO=0007
--------------------------------------------------------------------------------
?EXTI_PORTE_IRQHandler....................................SP=07F8 KC=000 TO=0007
--------------------------------------------------------------------------------
?SPI_IRQHandler...........................................SP=07F8 KC=000 TO=0007
--------------------------------------------------------------------------------
?TIM1_UPD_OVF_TRG_BRK_IRQHandler..........................SP=07F8 KC=000 TO=0007
--------------------------------------------------------------------------------
?TIM1_CAP_COM_IRQHandler..................................SP=07F8 KC=000 TO=0007
--------------------------------------------------------------------------------
?TIM2_UPD_OVF_BRK_IRQHandler..............................SP=07F8 KC=000 TO=0007
--------------------------------------------------------------------------------
?TIM2_CAP_COM_IRQHandler..................................SP=07F8 KC=000 TO=0007
--------------------------------------------------------------------------------
?TIM3_UPD_OVF_BRK_IRQHandler..............................SP=07F8 KC=000 TO=0007
    |***?GPIO_WriteReverse [STM8S_GPIO]...................SP=07F4 KC=004 TO=000B
--------------------------------------------------------------------------------
?TIM3_CAP_COM_IRQHandler..................................SP=07F8 KC=000 TO=0007
--------------------------------------------------------------------------------
?I2C_IRQHandler...........................................SP=07F8 KC=000 TO=0007
--------------------------------------------------------------------------------
?UART2_TX_IRQHandler......................................SP=07F8 KC=000 TO=0007
--------------------------------------------------------------------------------
?UART2_RX_IRQHandler......................................SP=07F8 KC=000 TO=0007
--------------------------------------------------------------------------------
?ADC1_IRQHandler..........................................SP=07F8 KC=000 TO=0007
--------------------------------------------------------------------------------
?TIM4_UPD_OVF_IRQHandler..................................SP=07F8 KC=000 TO=0007
--------------------------------------------------------------------------------
?EEPROM_EEC_IRQHandler....................................SP=07F8 KC=000 TO=0007
================================================================================

MAX STACK LEVEL : 2
-------------------


----------------------
SUGGESTED OPTIMIZATION
----------------------
Warning: 199 (C7H) data bytes in the range [00H-FFH] are available for storage.
         Consider using some of these for 'page0' variables in your source files.


LINK/LOCATE RUN COMPLETE,  NO ERROR FOUND.